Archive member included to satisfy reference by file (symbol)

C:/ST/STM32CubeIDE_1.17.0/STM32CubeIDE/plugins/com.st.stm32cube.ide.mcu.externaltools.gnu-tools-for-stm32.12.3.rel1.win32_1.1.0.202410251130/tools/bin/../lib/gcc/arm-none-eabi/12.3.1/../../../../arm-none-eabi/lib/thumb/v8-m.main+fp/hard\libc_nano.a(libc_a-exit.o)
                              C:/ST/STM32CubeIDE_1.17.0/STM32CubeIDE/plugins/com.st.stm32cube.ide.mcu.externaltools.gnu-tools-for-stm32.12.3.rel1.win32_1.1.0.202410251130/tools/bin/../lib/gcc/arm-none-eabi/12.3.1/../../../../arm-none-eabi/lib/thumb/v8-m.main+fp/hard/crt0.o (exit)
C:/ST/STM32CubeIDE_1.17.0/STM32CubeIDE/plugins/com.st.stm32cube.ide.mcu.externaltools.gnu-tools-for-stm32.12.3.rel1.win32_1.1.0.202410251130/tools/bin/../lib/gcc/arm-none-eabi/12.3.1/../../../../arm-none-eabi/lib/thumb/v8-m.main+fp/hard\libc_nano.a(libc_a-findfp.o)
                              C:/ST/STM32CubeIDE_1.17.0/STM32CubeIDE/plugins/com.st.stm32cube.ide.mcu.externaltools.gnu-tools-for-stm32.12.3.rel1.win32_1.1.0.202410251130/tools/bin/../lib/gcc/arm-none-eabi/12.3.1/../../../../arm-none-eabi/lib/thumb/v8-m.main+fp/hard\libc_nano.a(libc_a-exit.o) (__stdio_exit_handler)
C:/ST/STM32CubeIDE_1.17.0/STM32CubeIDE/plugins/com.st.stm32cube.ide.mcu.externaltools.gnu-tools-for-stm32.12.3.rel1.win32_1.1.0.202410251130/tools/bin/../lib/gcc/arm-none-eabi/12.3.1/../../../../arm-none-eabi/lib/thumb/v8-m.main+fp/hard\libc_nano.a(libc_a-fwalk.o)
                              C:/ST/STM32CubeIDE_1.17.0/STM32CubeIDE/plugins/com.st.stm32cube.ide.mcu.externaltools.gnu-tools-for-stm32.12.3.rel1.win32_1.1.0.202410251130/tools/bin/../lib/gcc/arm-none-eabi/12.3.1/../../../../arm-none-eabi/lib/thumb/v8-m.main+fp/hard\libc_nano.a(libc_a-findfp.o) (_fwalk_sglue)
C:/ST/STM32CubeIDE_1.17.0/STM32CubeIDE/plugins/com.st.stm32cube.ide.mcu.externaltools.gnu-tools-for-stm32.12.3.rel1.win32_1.1.0.202410251130/tools/bin/../lib/gcc/arm-none-eabi/12.3.1/../../../../arm-none-eabi/lib/thumb/v8-m.main+fp/hard\libc_nano.a(libc_a-stdio.o)
                              C:/ST/STM32CubeIDE_1.17.0/STM32CubeIDE/plugins/com.st.stm32cube.ide.mcu.externaltools.gnu-tools-for-stm32.12.3.rel1.win32_1.1.0.202410251130/tools/bin/../lib/gcc/arm-none-eabi/12.3.1/../../../../arm-none-eabi/lib/thumb/v8-m.main+fp/hard\libc_nano.a(libc_a-findfp.o) (__sread)
C:/ST/STM32CubeIDE_1.17.0/STM32CubeIDE/plugins/com.st.stm32cube.ide.mcu.externaltools.gnu-tools-for-stm32.12.3.rel1.win32_1.1.0.202410251130/tools/bin/../lib/gcc/arm-none-eabi/12.3.1/../../../../arm-none-eabi/lib/thumb/v8-m.main+fp/hard\libc_nano.a(libc_a-memset.o)
                              C:/ST/STM32CubeIDE_1.17.0/STM32CubeIDE/plugins/com.st.stm32cube.ide.mcu.externaltools.gnu-tools-for-stm32.12.3.rel1.win32_1.1.0.202410251130/tools/bin/../lib/gcc/arm-none-eabi/12.3.1/../../../../arm-none-eabi/lib/thumb/v8-m.main+fp/hard/crt0.o (memset)
C:/ST/STM32CubeIDE_1.17.0/STM32CubeIDE/plugins/com.st.stm32cube.ide.mcu.externaltools.gnu-tools-for-stm32.12.3.rel1.win32_1.1.0.202410251130/tools/bin/../lib/gcc/arm-none-eabi/12.3.1/../../../../arm-none-eabi/lib/thumb/v8-m.main+fp/hard\libc_nano.a(libc_a-closer.o)
                              C:/ST/STM32CubeIDE_1.17.0/STM32CubeIDE/plugins/com.st.stm32cube.ide.mcu.externaltools.gnu-tools-for-stm32.12.3.rel1.win32_1.1.0.202410251130/tools/bin/../lib/gcc/arm-none-eabi/12.3.1/../../../../arm-none-eabi/lib/thumb/v8-m.main+fp/hard\libc_nano.a(libc_a-stdio.o) (_close_r)
C:/ST/STM32CubeIDE_1.17.0/STM32CubeIDE/plugins/com.st.stm32cube.ide.mcu.externaltools.gnu-tools-for-stm32.12.3.rel1.win32_1.1.0.202410251130/tools/bin/../lib/gcc/arm-none-eabi/12.3.1/../../../../arm-none-eabi/lib/thumb/v8-m.main+fp/hard\libc_nano.a(libc_a-reent.o)
                              C:/ST/STM32CubeIDE_1.17.0/STM32CubeIDE/plugins/com.st.stm32cube.ide.mcu.externaltools.gnu-tools-for-stm32.12.3.rel1.win32_1.1.0.202410251130/tools/bin/../lib/gcc/arm-none-eabi/12.3.1/../../../../arm-none-eabi/lib/thumb/v8-m.main+fp/hard\libc_nano.a(libc_a-closer.o) (errno)
C:/ST/STM32CubeIDE_1.17.0/STM32CubeIDE/plugins/com.st.stm32cube.ide.mcu.externaltools.gnu-tools-for-stm32.12.3.rel1.win32_1.1.0.202410251130/tools/bin/../lib/gcc/arm-none-eabi/12.3.1/../../../../arm-none-eabi/lib/thumb/v8-m.main+fp/hard\libc_nano.a(libc_a-impure.o)
                              C:/ST/STM32CubeIDE_1.17.0/STM32CubeIDE/plugins/com.st.stm32cube.ide.mcu.externaltools.gnu-tools-for-stm32.12.3.rel1.win32_1.1.0.202410251130/tools/bin/../lib/gcc/arm-none-eabi/12.3.1/../../../../arm-none-eabi/lib/thumb/v8-m.main+fp/hard\libc_nano.a(libc_a-reent.o) (_impure_ptr)
C:/ST/STM32CubeIDE_1.17.0/STM32CubeIDE/plugins/com.st.stm32cube.ide.mcu.externaltools.gnu-tools-for-stm32.12.3.rel1.win32_1.1.0.202410251130/tools/bin/../lib/gcc/arm-none-eabi/12.3.1/../../../../arm-none-eabi/lib/thumb/v8-m.main+fp/hard\libc_nano.a(libc_a-lseekr.o)
[...]
Memory Configuration

Name             Origin             Length             Attributes
RAM              0x20000000         0x00044000         xrw
FLASH            0x08000000         0x00080000         xr
*default*        0x00000000         0xffffffff

Linker script and memory map

LOAD C:/ST/STM32CubeIDE_1.17.0/STM32CubeIDE/plugins/com.st.stm32cube.ide.mcu.externaltools.gnu-tools-for-stm32.12.3.rel1.win32_1.1.0.202410251130/tools/bin/../lib/gcc/arm-none-eabi/12.3.1/thumb/v8-m.main+fp/hard/crti.o
LOAD C:/ST/STM32CubeIDE_1.17.0/STM32CubeIDE/plugins/com.st.stm32cube.ide.mcu.externaltools.gnu-tools-for-stm32.12.3.rel1.win32_1.1.0.202410251130/tools/bin/../lib/gcc/arm-none-eabi/12.3.1/thumb/v8-m.main+fp/hard/crtbegin.o
LOAD C:/ST/STM32CubeIDE_1.17.0/STM32CubeIDE/plugins/com.st.stm32cube.ide.mcu.externaltools.gnu-tools-for-stm32.12.3.rel1.win32_1.1.0.202410251130/tools/bin/../lib/gcc/arm-none-eabi/12.3.1/../../../../arm-none-eabi/lib/thumb/v8-m.main+fp/hard/crt0.o
LOAD ./Core/Src/app_freertos.o
LOAD ./Core/Src/main.o
LOAD ./Core/Src/stm32h5xx_hal_msp.o
LOAD ./Core/Src/stm32h5xx_hal_timebase_tim.o
LOAD ./Core/Src/stm32h5xx_it.o
LOAD ./Core/Src/syscalls.o
LOAD ./Core/Src/sysmem.o
LOAD ./Core/Src/system_stm32h5xx.o
LOAD ./Core/Startup/startup_stm32h533retx.o
LOAD ./Drivers/STM32H5xx_HAL_Driver/Src/stm32h5xx_hal.o
LOAD ./Drivers/STM32H5xx_HAL_Driver/Src/stm32h5xx_hal_cortex.o
LOAD ./Drivers/STM32H5xx_HAL_Driver/Src/stm32h5xx_hal_dma.o
LOAD ./Drivers/STM32H5xx_HAL_Driver/Src/stm32h5xx_hal_dma_ex.o
LOAD ./Drivers/STM32H5xx_HAL_Driver/Src/stm32h5xx_hal_exti.o
LOAD ./Drivers/STM32H5xx_HAL_Driver/Src/stm32h5xx_hal_flash.o
LOAD ./Drivers/STM32H5xx_HAL_Driver/Src/stm32h5xx_hal_flash_ex.o
LOAD ./Drivers/STM32H5xx_HAL_Driver/Src/stm32h5xx_hal_gpio.o
LOAD ./Drivers/STM32H5xx_HAL_Driver/Src/stm32h5xx_hal_pwr.o
LOAD ./Drivers/STM32H5xx_HAL_Driver/Src/stm32h5xx_hal_pwr_ex.o
LOAD ./Drivers/STM32H5xx_HAL_Driver/Src/stm32h5xx_hal_rcc.o
LOAD ./Drivers/STM32H5xx_HAL_Driver/Src/stm32h5xx_hal_rcc_ex.o
LOAD ./Drivers/STM32H5xx_HAL_Driver/Src/stm32h5xx_hal_tim.o
LOAD ./Drivers/STM32H5xx_HAL_Driver/Src/stm32h5xx_hal_tim_ex.o
LOAD ./Middlewares/Third_Party/FreeRTOS/Source/CMSIS_RTOS_V2/cmsis_os2.o
LOAD ./Middlewares/Third_Party/FreeRTOS/Source/croutine.o
LOAD ./Middlewares/Third_Party/FreeRTOS/Source/event_groups.o
LOAD ./Middlewares/Third_Party/FreeRTOS/Source/list.o
LOAD ./Middlewares/Third_Party/FreeRTOS/Source/queue.o
LOAD ./Middlewares/Third_Party/FreeRTOS/Source/stream_buffer.o
LOAD ./Middlewares/Third_Party/FreeRTOS/Source/tasks.o
LOAD ./Middlewares/Third_Party/FreeRTOS/Source/timers.o
LOAD ./Middlewares/Third_Party/FreeRTOS/Source/portable/GCC/ARM_CM33_NTZ/non_secure/port.o
LOAD ./Middlewares/Third_Party/FreeRTOS/Source/portable/GCC/ARM_CM33_NTZ/non_secure/portasm.o
LOAD ./Middlewares/Third_Party/FreeRTOS/Source/portable/MemMang/heap_4.o
START GROUP
LOAD C:/ST/STM32CubeIDE_1.17.0/STM32CubeIDE/plugins/com.st.stm32cube.ide.mcu.externaltools.gnu-tools-for-stm32.12.3.rel1.win32_1.1.0.202410251130/tools/bin/../lib/gcc/arm-none-eabi/12.3.1/../../../../arm-none-eabi/lib/thumb/v8-m.main+fp/hard\libc_nano.a
LOAD C:/ST/STM32CubeIDE_1.17.0/STM32CubeIDE/plugins/com.st.stm32cube.ide.mcu.externaltools.gnu-tools-for-stm32.12.3.rel1.win32_1.1.0.202410251130/tools/bin/../lib/gcc/arm-none-eabi/12.3.1/../../../../arm-none-eabi/lib/thumb/v8-m.main+fp/hard\libm.a
END GROUP
START GROUP
LOAD C:/ST/STM32CubeIDE_1.17.0/STM32CubeIDE/plugins/com.st.stm32cube.ide.mcu.externaltools.gnu-tools-for-stm32.12.3.rel1.win32_1.1.0.202410251130/tools/bin/../lib/gcc/arm-none-eabi/12.3.1/thumb/v8-m.main+fp/hard\libgcc.a
LOAD C:/ST/STM32CubeIDE_1.17.0/STM32CubeIDE/plugins/com.st.stm32cube.ide.mcu.externaltools.gnu-tools-for-stm32.12.3.rel1.win32_1.1.0.202410251130/tools/bin/../lib/gcc/arm-none-eabi/12.3.1/../../../../arm-none-eabi/lib/thumb/v8-m.main+fp/hard\libc_nano.a
END GROUP
START GROUP
LOAD C:/ST/STM32CubeIDE_1.17.0/STM32CubeIDE/plugins/com.st.stm32cube.ide.mcu.externaltools.gnu-tools-for-stm32.12.3.rel1.win32_1.1.0.202410251130/tools/bin/../lib/gcc/arm-none-eabi/12.3.1/thumb/v8-m.main+fp/hard\libgcc.a
LOAD C:/ST/STM32CubeIDE_1.17.0/STM32CubeIDE/plugins/com.st.stm32cube.ide.mcu.externaltools.gnu-tools-for-stm32.12.3.rel1.win32_1.1.0.202410251130/tools/bin/../lib/gcc/arm-none-eabi/12.3.1/../../../../arm-none-eabi/lib/thumb/v8-m.main+fp/hard\libc_nano.a
LOAD C:/ST/STM32CubeIDE_1.17.0/STM32CubeIDE/plugins/com.st.stm32cube.ide.mcu.externaltools.gnu-tools-for-stm32.12.3.rel1.win32_1.1.0.202410251130/tools/bin/../lib/gcc/arm-none-eabi/12.3.1/../../../../arm-none-eabi/lib/thumb/v8-m.main+fp/hard\libnosys.a
END GROUP
START GROUP
LOAD C:/ST/STM32CubeIDE_1.17.0/STM32CubeIDE/plugins/com.st.stm32cube.ide.mcu.externaltools.gnu-tools-for-stm32.12.3.rel1.win32_1.1.0.202410251130/tools/bin/../lib/gcc/arm-none-eabi/12.3.1/thumb/v8-m.main+fp/hard\libgcc.a
LOAD C:/ST/STM32CubeIDE_1.17.0/STM32CubeIDE/plugins/com.st.stm32cube.ide.mcu.externaltools.gnu-tools-for-stm32.12.3.rel1.win32_1.1.0.202410251130/tools/bin/../lib/gcc/arm-none-eabi/12.3.1/../../../../arm-none-eabi/lib/thumb/v8-m.main+fp/hard\libc_nano.a
LOAD C:/ST/STM32CubeIDE_1.17.0/STM32CubeIDE/plugins/com.st.stm32cube.ide.mcu.externaltools.gnu-tools-for-stm32.12.3.rel1.win32_1.1.0.202410251130/tools/bin/../lib/gcc/arm-none-eabi/12.3.1/../../../../arm-none-eabi/lib/thumb/v8-m.main+fp/hard\libnosys.a
END GROUP
LOAD C:/ST/STM32CubeIDE_1.17.0/STM32CubeIDE/plugins/com.st.stm32cube.ide.mcu.externaltools.gnu-tools-for-stm32.12.3.rel1.win32_1.1.0.202410251130/tools/bin/../lib/gcc/arm-none-eabi/12.3.1/thumb/v8-m.main+fp/hard/crtend.o
LOAD C:/ST/STM32CubeIDE_1.17.0/STM32CubeIDE/plugins/com.st.stm32cube.ide.mcu.externaltools.gnu-tools-for-stm32.12.3.rel1.win32_1.1.0.202410251130/tools/bin/../lib/gcc/arm-none-eabi/12.3.1/thumb/v8-m.main+fp/hard/crtn.o
                0x20044000                        _estack = (ORIGIN (RAM) + LENGTH (RAM))
                0x00000200                        _Min_Heap_Size = 0x200
                0x00000400                        _Min_Stack_Size = 0x400

.isr_vector     0x08000000      0x254
                0x08000000                        . = ALIGN (0x4)
 *(.isr_vector)
 .isr_vector    0x08000000      0x254 ./Core/Startup/startup_stm32h533retx.o
                0x08000000                g_pfnVectors
                0x08000254                        . = ALIGN (0x4)

.text           0x08000260     0x4824
                0x08000260                        . = ALIGN (0x4)
 *(.text)
 .text          0x08000260       0x40 C:/ST/STM32CubeIDE_1.17.0/STM32CubeIDE/plugins/com.st.stm32cube.ide.mcu.externaltools.gnu-tools-for-stm32.12.3.rel1.win32_1.1.0.202410251130/tools/bin/../lib/gcc/arm-none-eabi/12.3.1/thumb/v8-m.main+fp/hard/crtbegin.o
 *(.text*)
 .text.MX_FREERTOS_Init
                0x080002a0       0x24 ./Core/Src/app_freertos.o
                0x080002a0                MX_FREERTOS_Init
 .text.StartDefaultTask
                0x080002c4       0x10 ./Core/Src/app_freertos.o
                0x080002c4                StartDefaultTask
 .text.main     0x080002d4       0x20 ./Core/Src/main.o
                0x080002d4                main
 .text.SystemClock_Config
                0x080002f4       0xc0 ./Core/Src/main.o
                0x080002f4                SystemClock_Config
 .text.MX_GPIO_Init
                0x080003b4      0x100 ./Core/Src/main.o
 .text.HAL_TIM_PeriodElapsedCallback
                0x080004b4       0x24 ./Core/Src/main.o
                0x080004b4                HAL_TIM_PeriodElapsedCallback
 .text.Error_Handler
                0x080004d8        0xc ./Core/Src/main.o
                0x080004d8                Error_Handler
 .text.HAL_MspInit
                0x080004e4       0x14 ./Core/Src/stm32h5xx_hal_msp.o
                0x080004e4                HAL_MspInit
 .text.HAL_InitTick
                0x080004f8       0xec ./Core/Src/stm32h5xx_hal_timebase_tim.o
                0x080004f8                HAL_InitTick
 .text.NMI_Handler
                0x080005e4        0x8 ./Core/Src/stm32h5xx_it.o
                0x080005e4                NMI_Handler
 .text.HardFault_Handler
                0x080005ec        0x8 ./Core/Src/stm32h5xx_it.o
                0x080005ec                HardFault_Handler
 .text.MemManage_Handler
                0x080005f4        0x8 ./Core/Src/stm32h5xx_it.o
                0x080005f4                MemManage_Handler
 .text.BusFault_Handler
                0x080005fc        0x8 ./Core/Src/stm32h5xx_it.o
                0x080005fc                BusFault_Handler
 .text.UsageFault_Handler
                0x08000604        0x8 ./Core/Src/stm32h5xx_it.o
                0x08000604                UsageFault_Handler
 .text.DebugMon_Handler
                0x0800060c        0xe ./Core/Src/stm32h5xx_it.o
                0x0800060c                DebugMon_Handler
 *fill*         0x0800061a        0x2 
 .text.TIM6_IRQHandler
                0x0800061c       0x14 ./Core/Src/stm32h5xx_it.o
                0x0800061c                TIM6_IRQHandler
 .text.SystemInit
                0x08000630       0xf8 ./Core/Src/system_stm32h5xx.o
                0x08000630                SystemInit
 .text.Reset_Handler
                0x08000728       0x50 ./Core/Startup/startup_stm32h533retx.o
                0x08000728                Reset_Handler
 .text.Default_Handler
                0x08000778        0x2 ./Core/Startup/startup_stm32h533retx.o
                0x08000778                EXTI2_IRQHandler
                0x08000778                TIM8_TRG_COM_IRQHandler
                0x08000778                TIM8_CC_IRQHandler
                0x08000778                EXTI5_IRQHandler
                0x08000778                I3C1_ER_IRQHandler
                0x08000778                SPI4_IRQHandler
                0x08000778                GPDMA2_Channel1_IRQHandler
                0x08000778                FLASH_S_IRQHandler
                0x08000778                EXTI13_IRQHandler
                0x08000778                TIM1_CC_IRQHandler
                0x08000778                GPDMA2_Channel3_IRQHandler
                0x08000778                TAMP_IRQHandler
                0x08000778                EXTI12_IRQHandler
                0x08000778                USB_DRD_FS_IRQHandler
                0x08000778                EXTI3_IRQHandler
                0x08000778                GPDMA1_Channel5_IRQHandler
                0x08000778                EXTI8_IRQHandler
                0x08000778                GPDMA2_Channel5_IRQHandler
                0x08000778                LPTIM2_IRQHandler
                0x08000778                I2C3_ER_IRQHandler
                0x08000778                GPDMA2_Channel2_IRQHandler
                0x08000778                EXTI0_IRQHandler
                0x08000778                I2C2_EV_IRQHandler
                0x08000778                FPU_IRQHandler
                0x08000778                GPDMA1_Channel3_IRQHandler
                0x08000778                GPDMA1_Channel7_IRQHandler
                0x08000778                FDCAN1_IT1_IRQHandler
                0x08000778                RAMCFG_IRQHandler
                0x08000778                DCACHE1_IRQHandler
                0x08000778                SPI1_IRQHandler
                0x08000778                OCTOSPI1_IRQHandler
                0x08000778                GPDMA1_Channel2_IRQHandler
                0x08000778                TIM8_UP_IRQHandler
                0x08000778                RCC_S_IRQHandler
                0x08000778                ADC1_IRQHandler
                0x08000778                PKA_IRQHandler
                0x08000778                USART6_IRQHandler
                0x08000778                I3C2_ER_IRQHandler
                0x08000778                EXTI15_IRQHandler
                0x08000778                USART3_IRQHandler
                0x08000778                RTC_IRQHandler
                0x08000778                EXTI9_IRQHandler
                0x08000778                UART5_IRQHandler
                0x08000778                TIM4_IRQHandler
                0x08000778                I3C2_EV_IRQHandler
                0x08000778                I2C1_EV_IRQHandler
                0x08000778                GPDMA1_Channel1_IRQHandler
                0x08000778                UART4_IRQHandler
                0x08000778                SecureFault_Handler
                0x08000778                TIM3_IRQHandler
                0x08000778                RCC_IRQHandler
                0x08000778                TIM1_TRG_COM_IRQHandler
                0x08000778                Default_Handler
                0x08000778                CEC_IRQHandler
                0x08000778                OTFDEC1_IRQHandler
                0x08000778                GPDMA2_Channel4_IRQHandler
                0x08000778                TIM12_IRQHandler
                0x08000778                TIM7_IRQHandler
                0x08000778                SDMMC1_IRQHandler
                0x08000778                SAES_IRQHandler
                0x08000778                TIM5_IRQHandler
                0x08000778                UCPD1_IRQHandler
                0x08000778                GPDMA1_Channel0_IRQHandler
                0x08000778                I3C1_EV_IRQHandler
                0x08000778                TIM15_IRQHandler
                0x08000778                PVD_AVD_IRQHandler
                0x08000778                I2C3_EV_IRQHandler
                0x08000778                ADC2_IRQHandler
                0x08000778                SPI2_IRQHandler
                0x08000778                EXTI14_IRQHandler
                0x08000778                EXTI11_IRQHandler
                0x08000778                CRS_IRQHandler
                0x08000778                EXTI4_IRQHandler
                0x08000778                GPDMA2_Channel0_IRQHandler
                0x08000778                RTC_S_IRQHandler
                0x08000778                RNG_IRQHandler
                0x08000778                FDCAN2_IT1_IRQHandler
                0x08000778                GPDMA2_Channel6_IRQHandler
                0x08000778                TIM1_UP_IRQHandler
                0x08000778                WWDG_IRQHandler
                0x08000778                FDCAN2_IT0_IRQHandler
                0x08000778                IWDG_IRQHandler
                0x08000778                LPUART1_IRQHandler
                0x08000778                FDCAN1_IT0_IRQHandler
                0x08000778                TIM2_IRQHandler
                0x08000778                GPDMA1_Channel4_IRQHandler
                0x08000778                EXTI7_IRQHandler
                0x08000778                TIM1_BRK_IRQHandler
                0x08000778                EXTI1_IRQHandler
                0x08000778                AES_IRQHandler
                0x08000778                DAC1_IRQHandler
                0x08000778                DTS_IRQHandler
                0x08000778                GTZC_IRQHandler
                0x08000778                USART2_IRQHandler
                0x08000778                GPDMA1_Channel6_IRQHandler
                0x08000778                GPDMA2_Channel7_IRQHandler
                0x08000778                I2C2_ER_IRQHandler
                0x08000778                TIM8_BRK_IRQHandler
                0x08000778                FLASH_IRQHandler
                0x08000778                USART1_IRQHandler
                0x08000778                EXTI10_IRQHandler
                0x08000778                SPI3_IRQHandler
                0x08000778                I2C1_ER_IRQHandler
                0x08000778                FMC_IRQHandler
                0x08000778                EXTI6_IRQHandler
                0x08000778                LPTIM1_IRQHandler
                0x08000778                DCMI_PSSI_IRQHandler
                0x08000778                ICACHE_IRQHandler
                0x08000778                HASH_IRQHandler
 *fill*         0x0800077a        0x2 
 .text.HAL_Init
                0x0800077c       0x50 ./Drivers/STM32H5xx_HAL_Driver/Src/stm32h5xx_hal.o
                0x0800077c                HAL_Init
 .text.HAL_IncTick
                0x080007cc       0x28 ./Drivers/STM32H5xx_HAL_Driver/Src/stm32h5xx_hal.o
                0x080007cc                HAL_IncTick
 .text.HAL_GetTick
                0x080007f4       0x18 ./Drivers/STM32H5xx_HAL_Driver/Src/stm32h5xx_hal.o
                0x080007f4                HAL_GetTick
 .text.__NVIC_SetPriorityGrouping
                0x0800080c       0x48 ./Drivers/STM32H5xx_HAL_Driver/Src/stm32h5xx_hal_cortex.o
 .text.__NVIC_GetPriorityGrouping
                0x08000854       0x1c ./Drivers/STM32H5xx_HAL_Driver/Src/stm32h5xx_hal_cortex.o
 .text.__NVIC_EnableIRQ
                0x08000870       0x3c ./Drivers/STM32H5xx_HAL_Driver/Src/stm32h5xx_hal_cortex.o
 .text.__NVIC_SetPriority
                0x080008ac       0x54 ./Drivers/STM32H5xx_HAL_Driver/Src/stm32h5xx_hal_cortex.o
 .text.NVIC_EncodePriority
                0x08000900       0x66 ./Drivers/STM32H5xx_HAL_Driver/Src/stm32h5xx_hal_cortex.o
 .text.HAL_NVIC_SetPriorityGrouping
                0x08000966       0x16 ./Drivers/STM32H5xx_HAL_Driver/Src/stm32h5xx_hal_cortex.o
                0x08000966                HAL_NVIC_SetPriorityGrouping
 .text.HAL_NVIC_SetPriority
                0x0800097c       0x34 ./Drivers/STM32H5xx_HAL_Driver/Src/stm32h5xx_hal_cortex.o
                0x0800097c                HAL_NVIC_SetPriority
 .text.HAL_NVIC_EnableIRQ
                0x080009b0       0x1c ./Drivers/STM32H5xx_HAL_Driver/Src/stm32h5xx_hal_cortex.o
                0x080009b0                HAL_NVIC_EnableIRQ
 .text.HAL_SYSTICK_CLKSourceConfig
                0x080009cc       0xb0 ./Drivers/STM32H5xx_HAL_Driver/Src/stm32h5xx_hal_cortex.o
                0x080009cc                HAL_SYSTICK_CLKSourceConfig
 .text.HAL_GPIO_Init
                0x08000a7c      0x2a4 ./Drivers/STM32H5xx_HAL_Driver/Src/stm32h5xx_hal_gpio.o
                0x08000a7c                HAL_GPIO_Init
 .text.HAL_GPIO_WritePin
                0x08000d20       0x30 ./Drivers/STM32H5xx_HAL_Driver/Src/stm32h5xx_hal_gpio.o
                0x08000d20                HAL_GPIO_WritePin
 .text.HAL_RCC_OscConfig
                0x08000d50      0x870 ./Drivers/STM32H5xx_HAL_Driver/Src/stm32h5xx_hal_rcc.o
                0x08000d50                HAL_RCC_OscConfig
 .text.HAL_RCC_ClockConfig
                0x080015c0      0x370 ./Drivers/STM32H5xx_HAL_Driver/Src/stm32h5xx_hal_rcc.o
                0x080015c0                HAL_RCC_ClockConfig
 .text.HAL_RCC_GetSysClockFreq
                0x08001930      0x258 ./Drivers/STM32H5xx_HAL_Driver/Src/stm32h5xx_hal_rcc.o
                0x08001930                HAL_RCC_GetSysClockFreq
 .text.HAL_RCC_GetHCLKFreq
                0x08001b88       0x38 ./Drivers/STM32H5xx_HAL_Driver/Src/stm32h5xx_hal_rcc.o
                0x08001b88                HAL_RCC_GetHCLKFreq
 .text.HAL_RCC_GetPCLK1Freq
                0x08001bc0       0x2c ./Drivers/STM32H5xx_HAL_Driver/Src/stm32h5xx_hal_rcc.o
                0x08001bc0                HAL_RCC_GetPCLK1Freq
 .text.HAL_RCC_GetClockConfig
                0x08001bec       0x70 ./Drivers/STM32H5xx_HAL_Driver/Src/stm32h5xx_hal_rcc.o
                0x08001bec                HAL_RCC_GetClockConfig
 .text.HAL_TIM_Base_Init
                0x08001c5c       0xae ./Drivers/STM32H5xx_HAL_Driver/Src/stm32h5xx_hal_tim.o
                0x08001c5c                HAL_TIM_Base_Init
 .text.HAL_TIM_Base_MspInit
                0x08001d0a       0x14 ./Drivers/STM32H5xx_HAL_Driver/Src/stm32h5xx_hal_tim.o
                0x08001d0a                HAL_TIM_Base_MspInit
 *fill*         0x08001d1e        0x2 
 .text.HAL_TIM_Base_Start_IT
                0x08001d20      0x15c ./Drivers/STM32H5xx_HAL_Driver/Src/stm32h5xx_hal_tim.o
                0x08001d20                HAL_TIM_Base_Start_IT
 .text.HAL_TIM_IRQHandler
                0x08001e7c      0x29e ./Drivers/STM32H5xx_HAL_Driver/Src/stm32h5xx_hal_tim.o
                0x08001e7c                HAL_TIM_IRQHandler
 .text.HAL_TIM_OC_DelayElapsedCallback
                0x0800211a       0x14 ./Drivers/STM32H5xx_HAL_Driver/Src/stm32h5xx_hal_tim.o
                0x0800211a                HAL_TIM_OC_DelayElapsedCallback
 .text.HAL_TIM_IC_CaptureCallback
                0x0800212e       0x14 ./Drivers/STM32H5xx_HAL_Driver/Src/stm32h5xx_hal_tim.o
                0x0800212e                HAL_TIM_IC_CaptureCallback
 .text.HAL_TIM_PWM_PulseFinishedCallback
                0x08002142       0x14 ./Drivers/STM32H5xx_HAL_Driver/Src/stm32h5xx_hal_tim.o
                0x08002142                HAL_TIM_PWM_PulseFinishedCallback
 .text.HAL_TIM_TriggerCallback
                0x08002156       0x14 ./Drivers/STM32H5xx_HAL_Driver/Src/stm32h5xx_hal_tim.o
                0x08002156                HAL_TIM_TriggerCallback
 *fill*         0x0800216a        0x2 
 .text.TIM_Base_SetConfig
                0x0800216c      0x1d4 ./Drivers/STM32H5xx_HAL_Driver/Src/stm32h5xx_hal_tim.o
                0x0800216c                TIM_Base_SetConfig
 .text.HAL_TIMEx_CommutCallback
                0x08002340       0x14 ./Drivers/STM32H5xx_HAL_Driver/Src/stm32h5xx_hal_tim_ex.o
                0x08002340                HAL_TIMEx_CommutCallback
 .text.HAL_TIMEx_BreakCallback
                0x08002354       0x14 ./Drivers/STM32H5xx_HAL_Driver/Src/stm32h5xx_hal_tim_ex.o
                0x08002354                HAL_TIMEx_BreakCallback
 .text.HAL_TIMEx_Break2Callback
                0x08002368       0x14 ./Drivers/STM32H5xx_HAL_Driver/Src/stm32h5xx_hal_tim_ex.o
                0x08002368                HAL_TIMEx_Break2Callback
 .text.HAL_TIMEx_EncoderIndexCallback
                0x0800237c       0x14 ./Drivers/STM32H5xx_HAL_Driver/Src/stm32h5xx_hal_tim_ex.o
                0x0800237c                HAL_TIMEx_EncoderIndexCallback
 .text.HAL_TIMEx_DirectionChangeCallback
                0x08002390       0x14 ./Drivers/STM32H5xx_HAL_Driver/Src/stm32h5xx_hal_tim_ex.o
                0x08002390                HAL_TIMEx_DirectionChangeCallback
 .text.HAL_TIMEx_IndexErrorCallback
                0x080023a4       0x14 ./Drivers/STM32H5xx_HAL_Driver/Src/stm32h5xx_hal_tim_ex.o
                0x080023a4                HAL_TIMEx_IndexErrorCallback
 .text.HAL_TIMEx_TransitionErrorCallback
                0x080023b8       0x14 ./Drivers/STM32H5xx_HAL_Driver/Src/stm32h5xx_hal_tim_ex.o
                0x080023b8                HAL_TIMEx_TransitionErrorCallback
 .text.__NVIC_SetPriority
                0x080023cc       0x54 ./Middlewares/Third_Party/FreeRTOS/Source/CMSIS_RTOS_V2/cmsis_os2.o
 .text.SysTick_Handler
                0x08002420       0x20 ./Middlewares/Third_Party/FreeRTOS/Source/CMSIS_RTOS_V2/cmsis_os2.o
                0x08002420                SysTick_Handler
 .text.SVC_Setup
                0x08002440       0x12 ./Middlewares/Third_Party/FreeRTOS/Source/CMSIS_RTOS_V2/cmsis_os2.o
 .text.IRQ_Context
                0x08002452       0x4e ./Middlewares/Third_Party/FreeRTOS/Source/CMSIS_RTOS_V2/cmsis_os2.o
 .text.osKernelInitialize
                0x080024a0       0x4c ./Middlewares/Third_Party/FreeRTOS/Source/CMSIS_RTOS_V2/cmsis_os2.o
                0x080024a0                osKernelInitialize
 .text.osKernelStart
                0x080024ec       0x54 ./Middlewares/Third_Party/FreeRTOS/Source/CMSIS_RTOS_V2/cmsis_os2.o
                0x080024ec                osKernelStart
 .text.osThreadNew
                0x08002540      0x122 ./Middlewares/Third_Party/FreeRTOS/Source/CMSIS_RTOS_V2/cmsis_os2.o
                0x08002540                osThreadNew
 .text.osDelay  0x08002662       0x34 ./Middlewares/Third_Party/FreeRTOS/Source/CMSIS_RTOS_V2/cmsis_os2.o
                0x08002662                osDelay
 *fill*         0x08002696        0x2 
 .text.vApplicationGetIdleTaskMemory
                0x08002698       0x34 ./Middlewares/Third_Party/FreeRTOS/Source/CMSIS_RTOS_V2/cmsis_os2.o
                0x08002698                vApplicationGetIdleTaskMemory
 .text.vApplicationGetTimerTaskMemory
                0x080026cc       0x34 ./Middlewares/Third_Party/FreeRTOS/Source/CMSIS_RTOS_V2/cmsis_os2.o
                0x080026cc                vApplicationGetTimerTaskMemory
 .text.vListInitialise
                0x08002700       0x40 ./Middlewares/Third_Party/FreeRTOS/Source/list.o
                0x08002700                vListInitialise
 .text.vListInitialiseItem
                0x08002740       0x1a ./Middlewares/Third_Party/FreeRTOS/Source/list.o
                0x08002740                vListInitialiseItem
 .text.vListInsert
                0x0800275a       0x72 ./Middlewares/Third_Party/FreeRTOS/Source/list.o
                0x0800275a                vListInsert
 .text.uxListRemove
                0x080027cc       0x54 ./Middlewares/Third_Party/FreeRTOS/Source/list.o
                0x080027cc                uxListRemove
 .text.xQueueGenericReset
                0x08002820       0xf2 ./Middlewares/Third_Party/FreeRTOS/Source/queue.o
                0x08002820                xQueueGenericReset
 .text.xQueueGenericCreateStatic
                0x08002912       0x92 ./Middlewares/Third_Party/FreeRTOS/Source/queue.o
                0x08002912                xQueueGenericCreateStatic
 .text.prvInitialiseNewQueue
                0x080029a4       0x46 ./Middlewares/Third_Party/FreeRTOS/Source/queue.o
 .text.xQueueReceive
                0x080029ea      0x178 ./Middlewares/Third_Party/FreeRTOS/Source/queue.o
                0x080029ea                xQueueReceive
 .text.prvCopyDataFromQueue
                0x08002b62       0x4c ./Middlewares/Third_Party/FreeRTOS/Source/queue.o
 .text.prvUnlockQueue
                0x08002bae       0xa4 ./Middlewares/Third_Party/FreeRTOS/Source/queue.o
 .text.prvIsQueueEmpty
                0x08002c52       0x2c ./Middlewares/Third_Party/FreeRTOS/Source/queue.o
 *fill*         0x08002c7e        0x2 
 .text.vQueueAddToRegistry
                0x08002c80       0x8c ./Middlewares/Third_Party/FreeRTOS/Source/queue.o
                0x08002c80                vQueueAddToRegistry
 .text.vQueueWaitForMessageRestricted
                0x08002d0c       0x68 ./Middlewares/Third_Party/FreeRTOS/Source/queue.o
                0x08002d0c                vQueueWaitForMessageRestricted
 .text.xTaskCreateStatic
                0x08002d74       0x9a ./Middlewares/Third_Party/FreeRTOS/Source/tasks.o
                0x08002d74                xTaskCreateStatic
 .text.xTaskCreate
                0x08002e0e       0x94 ./Middlewares/Third_Party/FreeRTOS/Source/tasks.o
                0x08002e0e                xTaskCreate
 .text.prvInitialiseNewTask
                0x08002ea2      0x104 ./Middlewares/Third_Party/FreeRTOS/Source/tasks.o
 *fill*         0x08002fa6        0x2 
 .text.prvAddNewTaskToReadyList
                0x08002fa8      0x120 ./Middlewares/Third_Party/FreeRTOS/Source/tasks.o
 .text.vTaskDelay
                0x080030c8       0x4c ./Middlewares/Third_Party/FreeRTOS/Source/tasks.o
                0x080030c8                vTaskDelay
 .text.vTaskStartScheduler
                0x08003114       0xb8 ./Middlewares/Third_Party/FreeRTOS/Source/tasks.o
                0x08003114                vTaskStartScheduler
 .text.vTaskSuspendAll
                0x080031cc       0x1c ./Middlewares/Third_Party/FreeRTOS/Source/tasks.o
                0x080031cc                vTaskSuspendAll
 .text.xTaskResumeAll
                0x080031e8      0x1dc ./Middlewares/Third_Party/FreeRTOS/Source/tasks.o
                0x080031e8                xTaskResumeAll
 .text.xTaskGetTickCount
                0x080033c4       0x20 ./Middlewares/Third_Party/FreeRTOS/Source/tasks.o
                0x080033c4                xTaskGetTickCount
 .text.xTaskIncrementTick
                0x080033e4      0x220 ./Middlewares/Third_Party/FreeRTOS/Source/tasks.o
                0x080033e4                xTaskIncrementTick
 .text.vTaskSwitchContext
                0x08003604       0xa8 ./Middlewares/Third_Party/FreeRTOS/Source/tasks.o
                0x08003604                vTaskSwitchContext
 .text.vTaskPlaceOnEventList
                0x080036ac       0x3c ./Middlewares/Third_Party/FreeRTOS/Source/tasks.o
                0x080036ac                vTaskPlaceOnEventList
 .text.vTaskPlaceOnEventListRestricted
                0x080036e8       0x7c ./Middlewares/Third_Party/FreeRTOS/Source/tasks.o
                0x080036e8                vTaskPlaceOnEventListRestricted
 .text.xTaskRemoveFromEventList
                0x08003764      0x19c ./Middlewares/Third_Party/FreeRTOS/Source/tasks.o
                0x08003764                xTaskRemoveFromEventList
 .text.vTaskInternalSetTimeOutState
                0x08003900       0x2c ./Middlewares/Third_Party/FreeRTOS/Source/tasks.o
                0x08003900                vTaskInternalSetTimeOutState
 .text.xTaskCheckForTimeOut
                0x0800392c       0xb0 ./Middlewares/Third_Party/FreeRTOS/Source/tasks.o
                0x0800392c                xTaskCheckForTimeOut
 .text.vTaskMissedYield
                0x080039dc       0x18 ./Middlewares/Third_Party/FreeRTOS/Source/tasks.o
                0x080039dc                vTaskMissedYield
 .text.prvIdleTask
                0x080039f4       0x20 ./Middlewares/Third_Party/FreeRTOS/Source/tasks.o
 .text.prvInitialiseTaskLists
                0x08003a14       0x80 ./Middlewares/Third_Party/FreeRTOS/Source/tasks.o
 .text.prvCheckTasksWaitingTermination
                0x08003a94       0x5c ./Middlewares/Third_Party/FreeRTOS/Source/tasks.o
 .text.prvDeleteTCB
                0x08003af0       0x50 ./Middlewares/Third_Party/FreeRTOS/Source/tasks.o
 .text.prvResetNextTaskUnblockTime
                0x08003b40       0x38 ./Middlewares/Third_Party/FreeRTOS/Source/tasks.o
 .text.xTaskGetSchedulerState
                0x08003b78       0x3c ./Middlewares/Third_Party/FreeRTOS/Source/tasks.o
                0x08003b78                xTaskGetSchedulerState
 .text.prvAddCurrentTaskToDelayedList
                0x08003bb4       0xdc ./Middlewares/Third_Party/FreeRTOS/Source/tasks.o
 .text.xTimerCreateTimerTask
                0x08003c90       0x80 ./Middlewares/Third_Party/FreeRTOS/Source/timers.o
                0x08003c90                xTimerCreateTimerTask
 .text.prvReloadTimer
                0x08003d10       0x42 ./Middlewares/Third_Party/FreeRTOS/Source/timers.o
 *fill*         0x08003d52        0x2 
 .text.prvProcessExpiredTimer
                0x08003d54       0x60 ./Middlewares/Third_Party/FreeRTOS/Source/timers.o
 .text.prvTimerTask
                0x08003db4       0x26 ./Middlewares/Third_Party/FreeRTOS/Source/timers.o
 *fill*         0x08003dda        0x2 
 .text.prvProcessTimerOrBlockTask
                0x08003ddc       0x8c ./Middlewares/Third_Party/FreeRTOS/Source/timers.o
 .text.prvGetNextExpireTime
                0x08003e68       0x48 ./Middlewares/Third_Party/FreeRTOS/Source/timers.o
 .text.prvSampleTimeNow
                0x08003eb0       0x40 ./Middlewares/Third_Party/FreeRTOS/Source/timers.o
 .text.prvInsertTimerInActiveList
                0x08003ef0       0x84 ./Middlewares/Third_Party/FreeRTOS/Source/timers.o
 .text.prvProcessReceivedCommands
                0x08003f74      0x19c ./Middlewares/Third_Party/FreeRTOS/Source/timers.o
 .text.prvSwitchTimerLists
                0x08004110       0x4c ./Middlewares/Third_Party/FreeRTOS/Source/timers.o
 .text.prvCheckForValidListAndQueue
                0x0800415c       0x80 ./Middlewares/Third_Party/FreeRTOS/Source/timers.o
 .text.vPortSetupTimerInterrupt
                0x080041dc       0x48 ./Middlewares/Third_Party/FreeRTOS/Source/portable/GCC/ARM_CM33_NTZ/non_secure/port.o
                0x080041dc                vPortSetupTimerInterrupt
 .text.prvTaskExitError
                0x08004224       0x38 ./Middlewares/Third_Party/FreeRTOS/Source/portable/GCC/ARM_CM33_NTZ/non_secure/port.o
 .text.vPortYield
                0x0800425c       0x24 ./Middlewares/Third_Party/FreeRTOS/Source/portable/GCC/ARM_CM33_NTZ/non_secure/port.o
                0x0800425c                vPortYield
 .text.vPortEnterCritical
                0x08004280       0x24 ./Middlewares/Third_Party/FreeRTOS/Source/portable/GCC/ARM_CM33_NTZ/non_secure/port.o
                0x08004280                vPortEnterCritical
 .text.vPortExitCritical
                0x080042a4       0x34 ./Middlewares/Third_Party/FreeRTOS/Source/portable/GCC/ARM_CM33_NTZ/non_secure/port.o
                0x080042a4                vPortExitCritical
 .text.xPortSysTickHandler
                0x080042d8       0x30 ./Middlewares/Third_Party/FreeRTOS/Source/portable/GCC/ARM_CM33_NTZ/non_secure/port.o
                0x080042d8                xPortSysTickHandler
 .text.vPortSVCHandler_C
                0x08004308       0x32 ./Middlewares/Third_Party/FreeRTOS/Source/portable/GCC/ARM_CM33_NTZ/non_secure/port.o
                0x08004308                vPortSVCHandler_C
 *fill*         0x0800433a        0x2 
 .text.pxPortInitialiseStack
                0x0800433c      0x114 ./Middlewares/Third_Party/FreeRTOS/Source/portable/GCC/ARM_CM33_NTZ/non_secure/port.o
                0x0800433c                pxPortInitialiseStack
 .text.xPortStartScheduler
                0x08004450       0xf4 ./Middlewares/Third_Party/FreeRTOS/Source/portable/GCC/ARM_CM33_NTZ/non_secure/port.o
                0x08004450                xPortStartScheduler
 *fill*         0x08004544        0xc 
 .text.vRestoreContextOfFirstTask
                0x08004550       0x38 ./Middlewares/Third_Party/FreeRTOS/Source/portable/GCC/ARM_CM33_NTZ/non_secure/portasm.o
                0x08004550                vRestoreContextOfFirstTask
 *fill*         0x08004588        0x8 
 .text.vStartFirstTask
                0x08004590       0x28 ./Middlewares/Third_Party/FreeRTOS/Source/portable/GCC/ARM_CM33_NTZ/non_secure/portasm.o
                0x08004590                vStartFirstTask
 .text.ulSetInterruptMask
                0x080045b8       0x1a ./Middlewares/Third_Party/FreeRTOS/Source/portable/GCC/ARM_CM33_NTZ/non_secure/portasm.o
                0x080045b8                ulSetInterruptMask
 .text.vClearInterruptMask
                0x080045d2       0x10 ./Middlewares/Third_Party/FreeRTOS/Source/portable/GCC/ARM_CM33_NTZ/non_secure/portasm.o
                0x080045d2                vClearInterruptMask
 *fill*         0x080045e2        0xe 
 .text.PendSV_Handler
                0x080045f0       0x58 ./Middlewares/Third_Party/FreeRTOS/Source/portable/GCC/ARM_CM33_NTZ/non_secure/portasm.o
                0x080045f0                PendSV_Handler
 *fill*         0x08004648        0x8 
 .text.SVC_Handler
                0x08004650       0x28 ./Middlewares/Third_Party/FreeRTOS/Source/portable/GCC/ARM_CM33_NTZ/non_secure/portasm.o
                0x08004650                SVC_Handler
 .text.pvPortMalloc
                0x08004678      0x178 ./Middlewares/Third_Party/FreeRTOS/Source/portable/MemMang/heap_4.o
                0x08004678                pvPortMalloc
 .text.vPortFree
                0x080047f0       0x9c ./Middlewares/Third_Party/FreeRTOS/Source/portable/MemMang/heap_4.o
                0x080047f0                vPortFree
 .text.prvHeapInit
                0x0800488c       0xb8 ./Middlewares/Third_Party/FreeRTOS/Source/portable/MemMang/heap_4.o
 .text.prvInsertBlockIntoFreeList
                0x08004944       0xb4 ./Middlewares/Third_Party/FreeRTOS/Source/portable/MemMang/heap_4.o
 .text.memset   0x080049f8       0x10 C:/ST/STM32CubeIDE_1.17.0/STM32CubeIDE/plugins/com.st.stm32cube.ide.mcu.externaltools.gnu-tools-for-stm32.12.3.rel1.win32_1.1.0.202410251130/tools/bin/../lib/gcc/arm-none-eabi/12.3.1/../../../../arm-none-eabi/lib/thumb/v8-m.main+fp/hard\libc_nano.a(libc_a-memset.o)
                0x080049f8                memset
 .text.__libc_init_array
                0x08004a08       0x48 C:/ST/STM32CubeIDE_1.17.0/STM32CubeIDE/plugins/com.st.stm32cube.ide.mcu.externaltools.gnu-tools-for-stm32.12.3.rel1.win32_1.1.0.202410251130/tools/bin/../lib/gcc/arm-none-eabi/12.3.1/../../../../arm-none-eabi/lib/thumb/v8-m.main+fp/hard\libc_nano.a(libc_a-init.o)
                0x08004a08                __libc_init_array
 .text.memcpy   0x08004a50       0x1a C:/ST/STM32CubeIDE_1.17.0/STM32CubeIDE/plugins/com.st.stm32cube.ide.mcu.externaltools.gnu-tools-for-stm32.12.3.rel1.win32_1.1.0.202410251130/tools/bin/../lib/gcc/arm-none-eabi/12.3.1/../../../../arm-none-eabi/lib/thumb/v8-m.main+fp/hard\libc_nano.a(libc_a-memcpy-stub.o)
                0x08004a50                memcpy
 *(.glue_7)
 .glue_7        0x08004a6a        0x0 linker stubs
 *(.glue_7t)
 .glue_7t       0x08004a6a        0x0 linker stubs
 *(.eh_frame)
 *fill*         0x08004a6a        0x2 
 .eh_frame      0x08004a6c        0x0 C:/ST/STM32CubeIDE_1.17.0/STM32CubeIDE/plugins/com.st.stm32cube.ide.mcu.externaltools.gnu-tools-for-stm32.12.3.rel1.win32_1.1.0.202410251130/tools/bin/../lib/gcc/arm-none-eabi/12.3.1/thumb/v8-m.main+fp/hard/crtbegin.o
 *(.init)
 .init          0x08004a6c        0x4 C:/ST/STM32CubeIDE_1.17.0/STM32CubeIDE/plugins/com.st.stm32cube.ide.mcu.externaltools.gnu-tools-for-stm32.12.3.rel1.win32_1.1.0.202410251130/tools/bin/../lib/gcc/arm-none-eabi/12.3.1/thumb/v8-m.main+fp/hard/crti.o
                0x08004a6c                _init
 .init          0x08004a70        0x8 C:/ST/STM32CubeIDE_1.17.0/STM32CubeIDE/plugins/com.st.stm32cube.ide.mcu.externaltools.gnu-tools-for-stm32.12.3.rel1.win32_1.1.0.202410251130/tools/bin/../lib/gcc/arm-none-eabi/12.3.1/thumb/v8-m.main+fp/hard/crtn.o
 *(.fini)
 .fini          0x08004a78        0x4 C:/ST/STM32CubeIDE_1.17.0/STM32CubeIDE/plugins/com.st.stm32cube.ide.mcu.externaltools.gnu-tools-for-stm32.12.3.rel1.win32_1.1.0.202410251130/tools/bin/../lib/gcc/arm-none-eabi/12.3.1/thumb/v8-m.main+fp/hard/crti.o
                0x08004a78                _fini
 .fini          0x08004a7c        0x8 C:/ST/STM32CubeIDE_1.17.0/STM32CubeIDE/plugins/com.st.stm32cube.ide.mcu.externaltools.gnu-tools-for-stm32.12.3.rel1.win32_1.1.0.202410251130/tools/bin/../lib/gcc/arm-none-eabi/12.3.1/thumb/v8-m.main+fp/hard/crtn.o
                0x08004a84                        . = ALIGN (0x4)
                0x08004a84                        _etext = .

.vfp11_veneer   0x08004a84        0x0
 .vfp11_veneer  0x08004a84        0x0 linker stubs

.v4_bx          0x08004a84        0x0
 .v4_bx         0x08004a84        0x0 linker stubs

.iplt           0x08004a84        0x0
 .iplt          0x08004a84        0x0 C:/ST/STM32CubeIDE_1.17.0/STM32CubeIDE/plugins/com.st.stm32cube.ide.mcu.externaltools.gnu-tools-for-stm32.12.3.rel1.win32_1.1.0.202410251130/tools/bin/../lib/gcc/arm-none-eabi/12.3.1/thumb/v8-m.main+fp/hard/crtbegin.o

.rodata         0x08004a84       0x60
                0x08004a84                        . = ALIGN (0x4)
 *(.rodata)
 .rodata        0x08004a84        0xc ./Core/Src/app_freertos.o
 .rodata        0x08004a90        0x5 ./Middlewares/Third_Party/FreeRTOS/Source/tasks.o
 *fill*         0x08004a95        0x3 
 .rodata        0x08004a98        0xd ./Middlewares/Third_Party/FreeRTOS/Source/timers.o
 *(.rodata*)
 *fill*         0x08004aa5        0x3 
 .rodata.defaultTask_attributes
                0x08004aa8       0x24 ./Core/Src/app_freertos.o
                0x08004aa8                defaultTask_attributes
 .rodata.AHBPrescTable
                0x08004acc       0x10 ./Core/Src/system_stm32h5xx.o
                0x08004acc                AHBPrescTable
 .rodata.APBPrescTable
                0x08004adc        0x8 ./Core/Src/system_stm32h5xx.o
                0x08004adc                APBPrescTable
                0x08004ae4                        . = ALIGN (0x4)

.ARM.extab      0x08004ae4        0x0
                0x08004ae4                        . = ALIGN (0x4)
 *(.ARM.extab* .gnu.linkonce.armextab.*)
                0x08004ae4                        . = ALIGN (0x4)

.ARM            0x08004ae4        0x0
                0x08004ae4                        . = ALIGN (0x4)
                0x08004ae4                        __exidx_start = .
 *(.ARM.exidx*)
                0x08004ae4                        __exidx_end = .
                0x08004ae4                        . = ALIGN (0x4)

.preinit_array  0x08004ae4        0x0
                0x08004ae4                        . = ALIGN (0x4)
                0x08004ae4                        PROVIDE (__preinit_array_start = .)
 *(.preinit_array*)
                0x08004ae4                        PROVIDE (__preinit_array_end = .)
                0x08004ae4                        . = ALIGN (0x4)

.init_array     0x08004ae4        0x4
                0x08004ae4                        . = ALIGN (0x4)
                0x08004ae4                        PROVIDE (__init_array_start = .)
 *(SORT_BY_NAME(.init_array.*))
 *(.init_array*)
 .init_array    0x08004ae4        0x4 C:/ST/STM32CubeIDE_1.17.0/STM32CubeIDE/plugins/com.st.stm32cube.ide.mcu.externaltools.gnu-tools-for-stm32.12.3.rel1.win32_1.1.0.202410251130/tools/bin/../lib/gcc/arm-none-eabi/12.3.1/thumb/v8-m.main+fp/hard/crtbegin.o
                0x08004ae8                        PROVIDE (__init_array_end = .)
                0x08004ae8                        . = ALIGN (0x4)

.fini_array     0x08004ae8        0x4
                0x08004ae8                        . = ALIGN (0x4)
                [!provide]                        PROVIDE (__fini_array_start = .)
 *(SORT_BY_NAME(.fini_array.*))
 *(.fini_array*)
 .fini_array    0x08004ae8        0x4 C:/ST/STM32CubeIDE_1.17.0/STM32CubeIDE/plugins/com.st.stm32cube.ide.mcu.externaltools.gnu-tools-for-stm32.12.3.rel1.win32_1.1.0.202410251130/tools/bin/../lib/gcc/arm-none-eabi/12.3.1/thumb/v8-m.main+fp/hard/crtbegin.o
                [!provide]                        PROVIDE (__fini_array_end = .)
                0x08004aec                        . = ALIGN (0x4)
                0x08004aec                        _sidata = LOADADDR (.data)

.rel.dyn        0x08004aec        0x0
 .rel.iplt      0x08004aec        0x0 C:/ST/STM32CubeIDE_1.17.0/STM32CubeIDE/plugins/com.st.stm32cube.ide.mcu.externaltools.gnu-tools-for-stm32.12.3.rel1.win32_1.1.0.202410251130/tools/bin/../lib/gcc/arm-none-eabi/12.3.1/thumb/v8-m.main+fp/hard/crtbegin.o

.data           0x20000000       0x14 load address 0x08004aec
                0x20000000                        . = ALIGN (0x4)
                0x20000000                        _sdata = .
 *(.data)
 *(.data*)
 .data.SystemCoreClock
                0x20000000        0x4 ./Core/Src/system_stm32h5xx.o
                0x20000000                SystemCoreClock
 .data.uwTickPrio
                0x20000004        0x4 ./Drivers/STM32H5xx_HAL_Driver/Src/stm32h5xx_hal.o
                0x20000004                uwTickPrio
 .data.uwTickFreq
                0x20000008        0x1 ./Drivers/STM32H5xx_HAL_Driver/Src/stm32h5xx_hal.o
                0x20000008                uwTickFreq
 *fill*         0x20000009        0x3 
 .data.uxTopUsedPriority
                0x2000000c        0x4 ./Middlewares/Third_Party/FreeRTOS/Source/tasks.o
                0x2000000c                uxTopUsedPriority
 .data.ulCriticalNesting
                0x20000010        0x4 ./Middlewares/Third_Party/FreeRTOS/Source/portable/GCC/ARM_CM33_NTZ/non_secure/port.o
 *(.RamFunc)
 *(.RamFunc*)
                0x20000014                        . = ALIGN (0x4)
                0x20000014                        _edata = .

.igot.plt       0x20000014        0x0 load address 0x08004b00
 .igot.plt      0x20000014        0x0 C:/ST/STM32CubeIDE_1.17.0/STM32CubeIDE/plugins/com.st.stm32cube.ide.mcu.externaltools.gnu-tools-for-stm32.12.3.rel1.win32_1.1.0.202410251130/tools/bin/../lib/gcc/arm-none-eabi/12.3.1/thumb/v8-m.main+fp/hard/crtbegin.o
                0x20000014                        . = ALIGN (0x4)

.bss            0x20000014     0x2bbc load address 0x08004b00
                0x20000014                        _sbss = .
                0x20000014                        __bss_start__ = _sbss
 *(.bss)
 .bss           0x20000014       0x1c C:/ST/STM32CubeIDE_1.17.0/STM32CubeIDE/plugins/com.st.stm32cube.ide.mcu.externaltools.gnu-tools-for-stm32.12.3.rel1.win32_1.1.0.202410251130/tools/bin/../lib/gcc/arm-none-eabi/12.3.1/thumb/v8-m.main+fp/hard/crtbegin.o
 *(.bss*)
 .bss.defaultTaskHandle
                0x20000030        0x4 ./Core/Src/app_freertos.o
                0x20000030                defaultTaskHandle
 .bss.htim6     0x20000034       0x4c ./Core/Src/stm32h5xx_hal_timebase_tim.o
                0x20000034                htim6
 .bss.uwTick    0x20000080        0x4 ./Drivers/STM32H5xx_HAL_Driver/Src/stm32h5xx_hal.o
                0x20000080                uwTick
 .bss.KernelState
                0x20000084        0x4 ./Middlewares/Third_Party/FreeRTOS/Source/CMSIS_RTOS_V2/cmsis_os2.o
 .bss.Idle_TCB.3
                0x20000088       0x5c ./Middlewares/Third_Party/FreeRTOS/Source/CMSIS_RTOS_V2/cmsis_os2.o
 .bss.Idle_Stack.2
                0x200000e4      0x200 ./Middlewares/Third_Party/FreeRTOS/Source/CMSIS_RTOS_V2/cmsis_os2.o
 .bss.Timer_TCB.1
                0x200002e4       0x5c ./Middlewares/Third_Party/FreeRTOS/Source/CMSIS_RTOS_V2/cmsis_os2.o
 .bss.Timer_Stack.0
                0x20000340      0x200 ./Middlewares/Third_Party/FreeRTOS/Source/CMSIS_RTOS_V2/cmsis_os2.o
 .bss.xQueueRegistry
                0x20000540       0x40 ./Middlewares/Third_Party/FreeRTOS/Source/queue.o
                0x20000540                xQueueRegistry
 .bss.pxCurrentTCB
                0x20000580        0x4 ./Middlewares/Third_Party/FreeRTOS/Source/tasks.o
                0x20000580                pxCurrentTCB
 .bss.pxReadyTasksLists
                0x20000584      0x460 ./Middlewares/Third_Party/FreeRTOS/Source/tasks.o
 .bss.xDelayedTaskList1
                0x200009e4       0x14 ./Middlewares/Third_Party/FreeRTOS/Source/tasks.o
 .bss.xDelayedTaskList2
                0x200009f8       0x14 ./Middlewares/Third_Party/FreeRTOS/Source/tasks.o
 .bss.pxDelayedTaskList
                0x20000a0c        0x4 ./Middlewares/Third_Party/FreeRTOS/Source/tasks.o
 .bss.pxOverflowDelayedTaskList
                0x20000a10        0x4 ./Middlewares/Third_Party/FreeRTOS/Source/tasks.o
 .bss.xPendingReadyList
                0x20000a14       0x14 ./Middlewares/Third_Party/FreeRTOS/Source/tasks.o
 .bss.xTasksWaitingTermination
                0x20000a28       0x14 ./Middlewares/Third_Party/FreeRTOS/Source/tasks.o
 .bss.uxDeletedTasksWaitingCleanUp
                0x20000a3c        0x4 ./Middlewares/Third_Party/FreeRTOS/Source/tasks.o
 .bss.xSuspendedTaskList
                0x20000a40       0x14 ./Middlewares/Third_Party/FreeRTOS/Source/tasks.o
 .bss.uxCurrentNumberOfTasks
                0x20000a54        0x4 ./Middlewares/Third_Party/FreeRTOS/Source/tasks.o
 .bss.xTickCount
                0x20000a58        0x4 ./Middlewares/Third_Party/FreeRTOS/Source/tasks.o
 .bss.uxTopReadyPriority
                0x20000a5c        0x4 ./Middlewares/Third_Party/FreeRTOS/Source/tasks.o
 .bss.xSchedulerRunning
                0x20000a60        0x4 ./Middlewares/Third_Party/FreeRTOS/Source/tasks.o
 .bss.xPendedTicks
                0x20000a64        0x4 ./Middlewares/Third_Party/FreeRTOS/Source/tasks.o
 .bss.xYieldPending
                0x20000a68        0x4 ./Middlewares/Third_Party/FreeRTOS/Source/tasks.o
 .bss.xNumOfOverflows
                0x20000a6c        0x4 ./Middlewares/Third_Party/FreeRTOS/Source/tasks.o
 .bss.uxTaskNumber
                0x20000a70        0x4 ./Middlewares/Third_Party/FreeRTOS/Source/tasks.o
 .bss.xNextTaskUnblockTime
                0x20000a74        0x4 ./Middlewares/Third_Party/FreeRTOS/Source/tasks.o
 .bss.xIdleTaskHandle
                0x20000a78        0x4 ./Middlewares/Third_Party/FreeRTOS/Source/tasks.o
 .bss.uxSchedulerSuspended
                0x20000a7c        0x4 ./Middlewares/Third_Party/FreeRTOS/Source/tasks.o
 .bss.xActiveTimerList1
                0x20000a80       0x14 ./Middlewares/Third_Party/FreeRTOS/Source/timers.o
 .bss.xActiveTimerList2
                0x20000a94       0x14 ./Middlewares/Third_Party/FreeRTOS/Source/timers.o
 .bss.pxCurrentTimerList
                0x20000aa8        0x4 ./Middlewares/Third_Party/FreeRTOS/Source/timers.o
 .bss.pxOverflowTimerList
                0x20000aac        0x4 ./Middlewares/Third_Party/FreeRTOS/Source/timers.o
 .bss.xTimerQueue
                0x20000ab0        0x4 ./Middlewares/Third_Party/FreeRTOS/Source/timers.o
 .bss.xTimerTaskHandle
                0x20000ab4        0x4 ./Middlewares/Third_Party/FreeRTOS/Source/timers.o
 .bss.xLastTime.2
                0x20000ab8        0x4 ./Middlewares/Third_Party/FreeRTOS/Source/timers.o
 .bss.ucStaticTimerQueueStorage.1
                0x20000abc       0xa0 ./Middlewares/Third_Party/FreeRTOS/Source/timers.o
 .bss.xStaticTimerQueue.0
                0x20000b5c       0x50 ./Middlewares/Third_Party/FreeRTOS/Source/timers.o
 .bss.ucMaxSysCallPriority
                0x20000bac        0x1 ./Middlewares/Third_Party/FreeRTOS/Source/portable/GCC/ARM_CM33_NTZ/non_secure/port.o
 *fill*         0x20000bad        0x3 
 .bss.ulMaxPRIGROUPValue
                0x20000bb0        0x4 ./Middlewares/Third_Party/FreeRTOS/Source/portable/GCC/ARM_CM33_NTZ/non_secure/port.o
 .bss.ucHeap    0x20000bb4     0x2000 ./Middlewares/Third_Party/FreeRTOS/Source/portable/MemMang/heap_4.o
 .bss.xStart    0x20002bb4        0x8 ./Middlewares/Third_Party/FreeRTOS/Source/portable/MemMang/heap_4.o
 .bss.pxEnd     0x20002bbc        0x4 ./Middlewares/Third_Party/FreeRTOS/Source/portable/MemMang/heap_4.o
 .bss.xFreeBytesRemaining
                0x20002bc0        0x4 ./Middlewares/Third_Party/FreeRTOS/Source/portable/MemMang/heap_4.o
 .bss.xMinimumEverFreeBytesRemaining
                0x20002bc4        0x4 ./Middlewares/Third_Party/FreeRTOS/Source/portable/MemMang/heap_4.o
 .bss.xNumberOfSuccessfulAllocations
                0x20002bc8        0x4 ./Middlewares/Third_Party/FreeRTOS/Source/portable/MemMang/heap_4.o
 .bss.xNumberOfSuccessfulFrees
                0x20002bcc        0x4 ./Middlewares/Third_Party/FreeRTOS/Source/portable/MemMang/heap_4.o
 *(COMMON)
                0x20002bd0                        . = ALIGN (0x4)
                0x20002bd0                        _ebss = .
                0x20002bd0                        __bss_end__ = _ebss

._user_heap_stack
                0x20002bd0      0x600 load address 0x08004b00
                0x20002bd0                        . = ALIGN (0x8)
                [!provide]                        PROVIDE (end = .)
                0x20002bd0                        PROVIDE (_end = .)
                0x20002dd0                        . = (. + _Min_Heap_Size)
 *fill*         0x20002bd0      0x200 
                0x200031d0                        . = (. + _Min_Stack_Size)
 *fill*         0x20002dd0      0x400 
                0x200031d0                        . = ALIGN (0x8)

/DISCARD/
 libc.a(*)
 libm.a(*)
 libgcc.a(*)

.ARM.attributes
                0x00000000       0x36
 *(.ARM.attributes)
 .ARM.attributes
                0x00000000       0x26 C:/ST/STM32CubeIDE_1.17.0/STM32CubeIDE/plugins/com.st.stm32cube.ide.mcu.externaltools.gnu-tools-for-stm32.12.3.rel1.win32_1.1.0.202410251130/tools/bin/../lib/gcc/arm-none-eabi/12.3.1/thumb/v8-m.main+fp/hard/crti.o
 .ARM.attributes
                0x00000026       0x38 C:/ST/STM32CubeIDE_1.17.0/STM32CubeIDE/plugins/com.st.stm32cube.ide.mcu.externaltools.gnu-tools-for-stm32.12.3.rel1.win32_1.1.0.202410251130/tools/bin/../lib/gcc/arm-none-eabi/12.3.1/thumb/v8-m.main+fp/hard/crtbegin.o
 .ARM.attributes
                0x0000005e       0x3a ./Core/Src/app_freertos.o
 .ARM.attributes
                0x00000098       0x3a ./Core/Src/main.o
 .ARM.attributes
                0x000000d2       0x3a ./Core/Src/stm32h5xx_hal_msp.o
 .ARM.attributes
                0x0000010c       0x3a ./Core/Src/stm32h5xx_hal_timebase_tim.o
 .ARM.attributes
                0x00000146       0x3a ./Core/Src/stm32h5xx_it.o
 .ARM.attributes
                0x00000180       0x3a ./Core/Src/system_stm32h5xx.o
 .ARM.attributes
                0x000001ba       0x24 ./Core/Startup/startup_stm32h533retx.o
 .ARM.attributes
                0x000001de       0x3a ./Drivers/STM32H5xx_HAL_Driver/Src/stm32h5xx_hal.o
 .ARM.attributes
                0x00000218       0x3a ./Drivers/STM32H5xx_HAL_Driver/Src/stm32h5xx_hal_cortex.o
 .ARM.attributes
                0x00000252       0x3a ./Drivers/STM32H5xx_HAL_Driver/Src/stm32h5xx_hal_gpio.o
 .ARM.attributes
                0x0000028c       0x3a ./Drivers/STM32H5xx_HAL_Driver/Src/stm32h5xx_hal_rcc.o
 .ARM.attributes
                0x000002c6       0x3a ./Drivers/STM32H5xx_HAL_Driver/Src/stm32h5xx_hal_tim.o
 .ARM.attributes
                0x00000300       0x3a ./Drivers/STM32H5xx_HAL_Driver/Src/stm32h5xx_hal_tim_ex.o
 .ARM.attributes
                0x0000033a       0x3a ./Middlewares/Third_Party/FreeRTOS/Source/CMSIS_RTOS_V2/cmsis_os2.o
 .ARM.attributes
                0x00000374       0x3a ./Middlewares/Third_Party/FreeRTOS/Source/list.o
 .ARM.attributes
                0x000003ae       0x3a ./Middlewares/Third_Party/FreeRTOS/Source/queue.o
 .ARM.attributes
                0x000003e8       0x3a ./Middlewares/Third_Party/FreeRTOS/Source/tasks.o
 .ARM.attributes
                0x00000422       0x3a ./Middlewares/Third_Party/FreeRTOS/Source/timers.o
 .ARM.attributes
                0x0000045c       0x3a ./Middlewares/Third_Party/FreeRTOS/Source/portable/GCC/ARM_CM33_NTZ/non_secure/port.o
 .ARM.attributes
                0x00000496       0x3a ./Middlewares/Third_Party/FreeRTOS/Source/portable/GCC/ARM_CM33_NTZ/non_secure/portasm.o
 .ARM.attributes
                0x000004d0       0x3a ./Middlewares/Third_Party/FreeRTOS/Source/portable/MemMang/heap_4.o
 .ARM.attributes
                0x0000050a       0x38 C:/ST/STM32CubeIDE_1.17.0/STM32CubeIDE/plugins/com.st.stm32cube.ide.mcu.externaltools.gnu-tools-for-stm32.12.3.rel1.win32_1.1.0.202410251130/tools/bin/../lib/gcc/arm-none-eabi/12.3.1/../../../../arm-none-eabi/lib/thumb/v8-m.main+fp/hard\libc_nano.a(libc_a-memset.o)
 .ARM.attributes
                0x00000542       0x38 C:/ST/STM32CubeIDE_1.17.0/STM32CubeIDE/plugins/com.st.stm32cube.ide.mcu.externaltools.gnu-tools-for-stm32.12.3.rel1.win32_1.1.0.202410251130/tools/bin/../lib/gcc/arm-none-eabi/12.3.1/../../../../arm-none-eabi/lib/thumb/v8-m.main+fp/hard\libc_nano.a(libc_a-init.o)
 .ARM.attributes
                0x0000057a       0x38 C:/ST/STM32CubeIDE_1.17.0/STM32CubeIDE/plugins/com.st.stm32cube.ide.mcu.externaltools.gnu-tools-for-stm32.12.3.rel1.win32_1.1.0.202410251130/tools/bin/../lib/gcc/arm-none-eabi/12.3.1/../../../../arm-none-eabi/lib/thumb/v8-m.main+fp/hard\libc_nano.a(libc_a-memcpy-stub.o)
 .ARM.attributes
                0x000005b2       0x26 C:/ST/STM32CubeIDE_1.17.0/STM32CubeIDE/plugins/com.st.stm32cube.ide.mcu.externaltools.gnu-tools-for-stm32.12.3.rel1.win32_1.1.0.202410251130/tools/bin/../lib/gcc/arm-none-eabi/12.3.1/thumb/v8-m.main+fp/hard/crtn.o
OUTPUT(edf-vd.elf elf32-littlearm)
LOAD linker stubs
LOAD C:/ST/STM32CubeIDE_1.17.0/STM32CubeIDE/plugins/com.st.stm32cube.ide.mcu.externaltools.gnu-tools-for-stm32.12.3.rel1.win32_1.1.0.202410251130/tools/bin/../lib/gcc/arm-none-eabi/12.3.1/../../../../arm-none-eabi/lib/thumb/v8-m.main+fp/hard\libc.a
LOAD C:/ST/STM32CubeIDE_1.17.0/STM32CubeIDE/plugins/com.st.stm32cube.ide.mcu.externaltools.gnu-tools-for-stm32.12.3.rel1.win32_1.1.0.202410251130/tools/bin/../lib/gcc/arm-none-eabi/12.3.1/../../../../arm-none-eabi/lib/thumb/v8-m.main+fp/hard\libm.a
LOAD C:/ST/STM32CubeIDE_1.17.0/STM32CubeIDE/plugins/com.st.stm32cube.ide.mcu.externaltools.gnu-tools-for-stm32.12.3.rel1.win32_1.1.0.202410251130/tools/bin/../lib/gcc/arm-none-eabi/12.3.1/thumb/v8-m.main+fp/hard\libgcc.a

.debug_info     0x00000000    0x15fbb
 .debug_info    0x00000000      0x3a5 ./Core/Src/app_freertos.o
 .debug_info    0x000003a5     0x16ee ./Core/Src/main.o
 .debug_info    0x00001a93      0x3b9 ./Core/Src/stm32h5xx_hal_msp.o
 .debug_info    0x00001e4c     0x112a ./Core/Src/stm32h5xx_hal_timebase_tim.o
 .debug_info    0x00002f76      0x946 ./Core/Src/stm32h5xx_it.o
 .debug_info    0x000038bc      0xce0 ./Core/Src/system_stm32h5xx.o
 .debug_info    0x0000459c       0x30 ./Core/Startup/startup_stm32h533retx.o
 .debug_info    0x000045cc     0x1302 ./Drivers/STM32H5xx_HAL_Driver/Src/stm32h5xx_hal.o
 .debug_info    0x000058ce     0x15e0 ./Drivers/STM32H5xx_HAL_Driver/Src/stm32h5xx_hal_cortex.o
 .debug_info    0x00006eae      0x6b6 ./Drivers/STM32H5xx_HAL_Driver/Src/stm32h5xx_hal_gpio.o
 .debug_info    0x00007564     0x1009 ./Drivers/STM32H5xx_HAL_Driver/Src/stm32h5xx_hal_rcc.o
 .debug_info    0x0000856d     0x2e54 ./Drivers/STM32H5xx_HAL_Driver/Src/stm32h5xx_hal_tim.o
 .debug_info    0x0000b3c1     0x1eaa ./Drivers/STM32H5xx_HAL_Driver/Src/stm32h5xx_hal_tim_ex.o
 .debug_info    0x0000d26b     0x36a6 ./Middlewares/Third_Party/FreeRTOS/Source/CMSIS_RTOS_V2/cmsis_os2.o
 .debug_info    0x00010911      0x2af ./Middlewares/Third_Party/FreeRTOS/Source/list.o
 .debug_info    0x00010bc0     0x16ac ./Middlewares/Third_Party/FreeRTOS/Source/queue.o
 .debug_info    0x0001226c     0x2093 ./Middlewares/Third_Party/FreeRTOS/Source/tasks.o
 .debug_info    0x000142ff     0x1318 ./Middlewares/Third_Party/FreeRTOS/Source/timers.o
 .debug_info    0x00015617      0x3ad ./Middlewares/Third_Party/FreeRTOS/Source/portable/GCC/ARM_CM33_NTZ/non_secure/port.o
 .debug_info    0x000159c4      0x151 ./Middlewares/Third_Party/FreeRTOS/Source/portable/GCC/ARM_CM33_NTZ/non_secure/portasm.o
 .debug_info    0x00015b15      0x4a6 ./Middlewares/Third_Party/FreeRTOS/Source/portable/MemMang/heap_4.o

.debug_abbrev   0x00000000     0x2d36
 .debug_abbrev  0x00000000      0x14d ./Core/Src/app_freertos.o
 .debug_abbrev  0x0000014d      0x2ad ./Core/Src/main.o
 .debug_abbrev  0x000003fa       0x95 ./Core/Src/stm32h5xx_hal_msp.o
 .debug_abbrev  0x0000048f      0x229 ./Core/Src/stm32h5xx_hal_timebase_tim.o
 .debug_abbrev  0x000006b8      0x1af ./Core/Src/stm32h5xx_it.o
 .debug_abbrev  0x00000867      0x13a ./Core/Src/system_stm32h5xx.o
 .debug_abbrev  0x000009a1       0x24 ./Core/Startup/startup_stm32h533retx.o
 .debug_abbrev  0x000009c5      0x2af ./Drivers/STM32H5xx_HAL_Driver/Src/stm32h5xx_hal.o
 .debug_abbrev  0x00000c74      0x311 ./Drivers/STM32H5xx_HAL_Driver/Src/stm32h5xx_hal_cortex.o
 .debug_abbrev  0x00000f85      0x1db ./Drivers/STM32H5xx_HAL_Driver/Src/stm32h5xx_hal_gpio.o
 .debug_abbrev  0x00001160      0x290 ./Drivers/STM32H5xx_HAL_Driver/Src/stm32h5xx_hal_rcc.o
 .debug_abbrev  0x000013f0      0x2bd ./Drivers/STM32H5xx_HAL_Driver/Src/stm32h5xx_hal_tim.o
 .debug_abbrev  0x000016ad      0x2c7 ./Drivers/STM32H5xx_HAL_Driver/Src/stm32h5xx_hal_tim_ex.o
 .debug_abbrev  0x00001974      0x4d1 ./Middlewares/Third_Party/FreeRTOS/Source/CMSIS_RTOS_V2/cmsis_os2.o
 .debug_abbrev  0x00001e45       0xf5 ./Middlewares/Third_Party/FreeRTOS/Source/list.o
 .debug_abbrev  0x00001f3a      0x324 ./Middlewares/Third_Party/FreeRTOS/Source/queue.o
 .debug_abbrev  0x0000225e      0x33c ./Middlewares/Third_Party/FreeRTOS/Source/tasks.o
 .debug_abbrev  0x0000259a      0x326 ./Middlewares/Third_Party/FreeRTOS/Source/timers.o
 .debug_abbrev  0x000028c0      0x1b6 ./Middlewares/Third_Party/FreeRTOS/Source/portable/GCC/ARM_CM33_NTZ/non_secure/port.o
 .debug_abbrev  0x00002a76       0xb8 ./Middlewares/Third_Party/FreeRTOS/Source/portable/GCC/ARM_CM33_NTZ/non_secure/portasm.o
 .debug_abbrev  0x00002b2e      0x208 ./Middlewares/Third_Party/FreeRTOS/Source/portable/MemMang/heap_4.o

.debug_aranges  0x00000000     0x1488
 .debug_aranges
                0x00000000       0x28 ./Core/Src/app_freertos.o
 .debug_aranges
                0x00000028       0x40 ./Core/Src/main.o
 .debug_aranges
                0x00000068       0x20 ./Core/Src/stm32h5xx_hal_msp.o
 .debug_aranges
                0x00000088       0x30 ./Core/Src/stm32h5xx_hal_timebase_tim.o
 .debug_aranges
                0x000000b8       0x50 ./Core/Src/stm32h5xx_it.o
 .debug_aranges
                0x00000108       0x28 ./Core/Src/system_stm32h5xx.o
 .debug_aranges
                0x00000130       0x28 ./Core/Startup/startup_stm32h533retx.o
 .debug_aranges
                0x00000158      0x1f8 ./Drivers/STM32H5xx_HAL_Driver/Src/stm32h5xx_hal.o
 .debug_aranges
                0x00000350      0x140 ./Drivers/STM32H5xx_HAL_Driver/Src/stm32h5xx_hal_cortex.o
 .debug_aranges
                0x00000490       0x78 ./Drivers/STM32H5xx_HAL_Driver/Src/stm32h5xx_hal_gpio.o
 .debug_aranges
                0x00000508       0xa0 ./Drivers/STM32H5xx_HAL_Driver/Src/stm32h5xx_hal_rcc.o
 .debug_aranges
                0x000005a8      0x3e8 ./Drivers/STM32H5xx_HAL_Driver/Src/stm32h5xx_hal_tim.o
 .debug_aranges
                0x00000990      0x240 ./Drivers/STM32H5xx_HAL_Driver/Src/stm32h5xx_hal_tim_ex.o
 .debug_aranges
                0x00000bd0      0x2b8 ./Middlewares/Third_Party/FreeRTOS/Source/CMSIS_RTOS_V2/cmsis_os2.o
 .debug_aranges
                0x00000e88       0x40 ./Middlewares/Third_Party/FreeRTOS/Source/list.o
 .debug_aranges
                0x00000ec8      0x170 ./Middlewares/Third_Party/FreeRTOS/Source/queue.o
 .debug_aranges
                0x00001038      0x210 ./Middlewares/Third_Party/FreeRTOS/Source/tasks.o
 .debug_aranges
                0x00001248      0x108 ./Middlewares/Third_Party/FreeRTOS/Source/timers.o
 .debug_aranges
                0x00001350       0x78 ./Middlewares/Third_Party/FreeRTOS/Source/portable/GCC/ARM_CM33_NTZ/non_secure/port.o
 .debug_aranges
                0x000013c8       0x60 ./Middlewares/Third_Party/FreeRTOS/Source/portable/GCC/ARM_CM33_NTZ/non_secure/portasm.o
 .debug_aranges
                0x00001428       0x60 ./Middlewares/Third_Party/FreeRTOS/Source/portable/MemMang/heap_4.o

.debug_rnglists
                0x00000000      0xfc1
 .debug_rnglists
                0x00000000       0x19 ./Core/Src/app_freertos.o
 .debug_rnglists
                0x00000019       0x2d ./Core/Src/main.o
 .debug_rnglists
                0x00000046       0x13 ./Core/Src/stm32h5xx_hal_msp.o
 .debug_rnglists
                0x00000059       0x20 ./Core/Src/stm32h5xx_hal_timebase_tim.o
 .debug_rnglists
                0x00000079       0x37 ./Core/Src/stm32h5xx_it.o
 .debug_rnglists
                0x000000b0       0x1b ./Core/Src/system_stm32h5xx.o
 .debug_rnglists
                0x000000cb       0x19 ./Core/Startup/startup_stm32h533retx.o
 .debug_rnglists
                0x000000e4      0x177 ./Drivers/STM32H5xx_HAL_Driver/Src/stm32h5xx_hal.o
 .debug_rnglists
                0x0000025b       0xec ./Drivers/STM32H5xx_HAL_Driver/Src/stm32h5xx_hal_cortex.o
 .debug_rnglists
                0x00000347       0x57 ./Drivers/STM32H5xx_HAL_Driver/Src/stm32h5xx_hal_gpio.o
 .debug_rnglists
                0x0000039e       0x79 ./Drivers/STM32H5xx_HAL_Driver/Src/stm32h5xx_hal_rcc.o
 .debug_rnglists
                0x00000417      0x32e ./Drivers/STM32H5xx_HAL_Driver/Src/stm32h5xx_hal_tim.o
 .debug_rnglists
                0x00000745      0x1cb ./Drivers/STM32H5xx_HAL_Driver/Src/stm32h5xx_hal_tim_ex.o
 .debug_rnglists
                0x00000910      0x218 ./Middlewares/Third_Party/FreeRTOS/Source/CMSIS_RTOS_V2/cmsis_os2.o
 .debug_rnglists
                0x00000b28       0x2b ./Middlewares/Third_Party/FreeRTOS/Source/list.o
 .debug_rnglists
                0x00000b53      0x11d ./Middlewares/Third_Party/FreeRTOS/Source/queue.o
 .debug_rnglists
                0x00000c70      0x1a8 ./Middlewares/Third_Party/FreeRTOS/Source/tasks.o
 .debug_rnglists
                0x00000e18       0xc7 ./Middlewares/Third_Party/FreeRTOS/Source/timers.o
 .debug_rnglists
                0x00000edf       0x57 ./Middlewares/Third_Party/FreeRTOS/Source/portable/GCC/ARM_CM33_NTZ/non_secure/port.o
 .debug_rnglists
                0x00000f36       0x43 ./Middlewares/Third_Party/FreeRTOS/Source/portable/GCC/ARM_CM33_NTZ/non_secure/portasm.o
 .debug_rnglists
                0x00000f79       0x48 ./Middlewares/Third_Party/FreeRTOS/Source/portable/MemMang/heap_4.o

.debug_macro    0x00000000    0x2cc06
 .debug_macro   0x00000000      0x310 ./Core/Src/app_freertos.o
 .debug_macro   0x00000310      0xaba ./Core/Src/app_freertos.o
 .debug_macro   0x00000dca      0x189 ./Core/Src/app_freertos.o
 .debug_macro   0x00000f53       0x22 ./Core/Src/app_freertos.o
 .debug_macro   0x00000f75       0x8e ./Core/Src/app_freertos.o
 .debug_macro   0x00001003       0x51 ./Core/Src/app_freertos.o
 .debug_macro   0x00001054      0x103 ./Core/Src/app_freertos.o
 .debug_macro   0x00001157       0x6a ./Core/Src/app_freertos.o
 .debug_macro   0x000011c1      0x1df ./Core/Src/app_freertos.o
 .debug_macro   0x000013a0       0x16 ./Core/Src/app_freertos.o
 .debug_macro   0x000013b6      0x18d ./Core/Src/app_freertos.o
 .debug_macro   0x00001543       0x16 ./Core/Src/app_freertos.o
 .debug_macro   0x00001559      0x179 ./Core/Src/app_freertos.o
 .debug_macro   0x000016d2       0x1c ./Core/Src/app_freertos.o
 .debug_macro   0x000016ee      0x1ba ./Core/Src/app_freertos.o
 .debug_macro   0x000018a8       0x10 ./Core/Src/app_freertos.o
 .debug_macro   0x000018b8       0x10 ./Core/Src/app_freertos.o
 .debug_macro   0x000018c8       0x1f ./Core/Src/app_freertos.o
 .debug_macro   0x000018e7       0x12 ./Core/Src/app_freertos.o
 .debug_macro   0x000018f9      0x4c3 ./Core/Src/app_freertos.o
 .debug_macro   0x00001dbc       0xc3 ./Core/Src/app_freertos.o
 .debug_macro   0x00001e7f      0x12c ./Core/Src/app_freertos.o
 .debug_macro   0x00001fab      0x193 ./Core/Src/app_freertos.o
 .debug_macro   0x0000213e       0x61 ./Core/Src/app_freertos.o
 .debug_macro   0x0000219f       0x2a ./Core/Src/app_freertos.o
 .debug_macro   0x000021c9       0x43 ./Core/Src/app_freertos.o
 .debug_macro   0x0000220c       0x34 ./Core/Src/app_freertos.o
 .debug_macro   0x00002240       0x16 ./Core/Src/app_freertos.o
 .debug_macro   0x00002256       0x43 ./Core/Src/app_freertos.o
 .debug_macro   0x00002299       0x34 ./Core/Src/app_freertos.o
 .debug_macro   0x000022cd       0x10 ./Core/Src/app_freertos.o
 .debug_macro   0x000022dd       0x58 ./Core/Src/app_freertos.o
 .debug_macro   0x00002335       0x8e ./Core/Src/app_freertos.o
 .debug_macro   0x000023c3       0x1c ./Core/Src/app_freertos.o
 .debug_macro   0x000023df      0x177 ./Core/Src/app_freertos.o
 .debug_macro   0x00002556      0x369 ./Core/Src/app_freertos.o
 .debug_macro   0x000028bf      0x19b ./Core/Src/app_freertos.o
 .debug_macro   0x00002a5a       0x28 ./Core/Src/app_freertos.o
 .debug_macro   0x00002a82       0x42 ./Core/Src/app_freertos.o
 .debug_macro   0x00002ac4       0x1c ./Core/Src/app_freertos.o
 .debug_macro   0x00002ae0       0x29 ./Core/Src/app_freertos.o
 .debug_macro   0x00002b09       0xfb ./Core/Src/app_freertos.o
 .debug_macro   0x00002c04     0x1685 ./Core/Src/app_freertos.o
 .debug_macro   0x00004289       0x5e ./Core/Src/app_freertos.o
 .debug_macro   0x000042e7    0x1c059 ./Core/Src/app_freertos.o
 .debug_macro   0x00020340       0x6d ./Core/Src/app_freertos.o
 .debug_macro   0x000203ad     0x388a ./Core/Src/app_freertos.o
 .debug_macro   0x00023c37       0x63 ./Core/Src/app_freertos.o
 .debug_macro   0x00023c9a     0x1a59 ./Core/Src/app_freertos.o
 .debug_macro   0x000256f3      0xa9f ./Core/Src/app_freertos.o
 .debug_macro   0x00026192      0x166 ./Core/Src/app_freertos.o
 .debug_macro   0x000262f8      0x269 ./Core/Src/app_freertos.o
 .debug_macro   0x00026561      0x765 ./Core/Src/app_freertos.o
 .debug_macro   0x00026cc6      0x424 ./Core/Src/app_freertos.o
 .debug_macro   0x000270ea       0xd6 ./Core/Src/app_freertos.o
 .debug_macro   0x000271c0      0x1cd ./Core/Src/app_freertos.o
 .debug_macro   0x0002738d      0x2bb ./Core/Src/app_freertos.o
 .debug_macro   0x00027648      0x57b ./Core/Src/app_freertos.o
 .debug_macro   0x00027bc3       0x7b ./Core/Src/app_freertos.o
 .debug_macro   0x00027c3e      0x313 ./Core/Src/app_freertos.o
 .debug_macro   0x00027f51      0x1bb ./Core/Src/app_freertos.o
 .debug_macro   0x0002810c      0xbe8 ./Core/Src/app_freertos.o
 .debug_macro   0x00028cf4      0x37d ./Core/Src/app_freertos.o
 .debug_macro   0x00029071      0x253 ./Core/Src/app_freertos.o
 .debug_macro   0x000292c4      0x3f9 ./Core/Src/app_freertos.o
 .debug_macro   0x000296bd       0x34 ./Core/Src/app_freertos.o
 .debug_macro   0x000296f1       0x74 ./Core/Src/app_freertos.o
 .debug_macro   0x00029765      0x27b ./Core/Src/main.o
 .debug_macro   0x000299e0       0x5b ./Core/Src/main.o
 .debug_macro   0x00029a3b       0x94 ./Core/Src/main.o
 .debug_macro   0x00029acf       0x57 ./Core/Src/main.o
 .debug_macro   0x00029b26      0x268 ./Core/Src/stm32h5xx_hal_msp.o
 .debug_macro   0x00029d8e      0x259 ./Core/Src/stm32h5xx_hal_timebase_tim.o
 .debug_macro   0x00029fe7      0x272 ./Core/Src/stm32h5xx_it.o
 .debug_macro   0x0002a259      0x260 ./Core/Src/system_stm32h5xx.o
 .debug_macro   0x0002a4b9      0x28f ./Drivers/STM32H5xx_HAL_Driver/Src/stm32h5xx_hal.o
 .debug_macro   0x0002a748      0x259 ./Drivers/STM32H5xx_HAL_Driver/Src/stm32h5xx_hal_cortex.o
 .debug_macro   0x0002a9a1      0x28f ./Drivers/STM32H5xx_HAL_Driver/Src/stm32h5xx_hal_gpio.o
 .debug_macro   0x0002ac30      0x29b ./Drivers/STM32H5xx_HAL_Driver/Src/stm32h5xx_hal_rcc.o
 .debug_macro   0x0002aecb      0x261 ./Drivers/STM32H5xx_HAL_Driver/Src/stm32h5xx_hal_tim.o
 .debug_macro   0x0002b12c      0x25f ./Drivers/STM32H5xx_HAL_Driver/Src/stm32h5xx_hal_tim_ex.o
 .debug_macro   0x0002b38b      0x3cb ./Middlewares/Third_Party/FreeRTOS/Source/CMSIS_RTOS_V2/cmsis_os2.o
 .debug_macro   0x0002b756       0x10 ./Middlewares/Third_Party/FreeRTOS/Source/CMSIS_RTOS_V2/cmsis_os2.o
 .debug_macro   0x0002b766       0x20 ./Middlewares/Third_Party/FreeRTOS/Source/CMSIS_RTOS_V2/cmsis_os2.o
 .debug_macro   0x0002b786       0x91 ./Middlewares/Third_Party/FreeRTOS/Source/CMSIS_RTOS_V2/cmsis_os2.o
 .debug_macro   0x0002b817       0x23 ./Middlewares/Third_Party/FreeRTOS/Source/CMSIS_RTOS_V2/cmsis_os2.o
 .debug_macro   0x0002b83a       0x94 ./Middlewares/Third_Party/FreeRTOS/Source/CMSIS_RTOS_V2/cmsis_os2.o
 .debug_macro   0x0002b8ce       0xa8 ./Middlewares/Third_Party/FreeRTOS/Source/CMSIS_RTOS_V2/cmsis_os2.o
 .debug_macro   0x0002b976       0x22 ./Middlewares/Third_Party/FreeRTOS/Source/CMSIS_RTOS_V2/cmsis_os2.o
 .debug_macro   0x0002b998      0x1b0 ./Middlewares/Third_Party/FreeRTOS/Source/list.o
 .debug_macro   0x0002bb48      0x247 ./Middlewares/Third_Party/FreeRTOS/Source/queue.o
 .debug_macro   0x0002bd8f       0x16 ./Middlewares/Third_Party/FreeRTOS/Source/queue.o
 .debug_macro   0x0002bda5       0x8e ./Middlewares/Third_Party/FreeRTOS/Source/queue.o
 .debug_macro   0x0002be33      0x29c ./Middlewares/Third_Party/FreeRTOS/Source/tasks.o
 .debug_macro   0x0002c0cf       0x17 ./Middlewares/Third_Party/FreeRTOS/Source/tasks.o
 .debug_macro   0x0002c0e6      0x1ff ./Middlewares/Third_Party/FreeRTOS/Source/timers.o
 .debug_macro   0x0002c2e5       0x97 ./Middlewares/Third_Party/FreeRTOS/Source/timers.o
 .debug_macro   0x0002c37c      0x3ad ./Middlewares/Third_Party/FreeRTOS/Source/portable/GCC/ARM_CM33_NTZ/non_secure/port.o
 .debug_macro   0x0002c729      0x1ba ./Middlewares/Third_Party/FreeRTOS/Source/portable/GCC/ARM_CM33_NTZ/non_secure/port.o
 .debug_macro   0x0002c8e3       0xf8 ./Middlewares/Third_Party/FreeRTOS/Source/portable/GCC/ARM_CM33_NTZ/non_secure/portasm.o
 .debug_macro   0x0002c9db      0x22b ./Middlewares/Third_Party/FreeRTOS/Source/portable/MemMang/heap_4.o

.debug_line     0x00000000    0x15d66
 .debug_line    0x00000000      0x9d9 ./Core/Src/app_freertos.o
 .debug_line    0x000009d9      0x978 ./Core/Src/main.o
 .debug_line    0x00001351      0x846 ./Core/Src/stm32h5xx_hal_msp.o
 .debug_line    0x00001b97      0x8bc ./Core/Src/stm32h5xx_hal_timebase_tim.o
 .debug_line    0x00002453      0x8e4 ./Core/Src/stm32h5xx_it.o
 .debug_line    0x00002d37      0x9c9 ./Core/Src/system_stm32h5xx.o
 .debug_line    0x00003700       0x7b ./Core/Startup/startup_stm32h533retx.o
 .debug_line    0x0000377b      0xf38 ./Drivers/STM32H5xx_HAL_Driver/Src/stm32h5xx_hal.o
 .debug_line    0x000046b3      0xeb8 ./Drivers/STM32H5xx_HAL_Driver/Src/stm32h5xx_hal_cortex.o
 .debug_line    0x0000556b      0xc44 ./Drivers/STM32H5xx_HAL_Driver/Src/stm32h5xx_hal_gpio.o
 .debug_line    0x000061af     0x12c3 ./Drivers/STM32H5xx_HAL_Driver/Src/stm32h5xx_hal_rcc.o
 .debug_line    0x00007472     0x4450 ./Drivers/STM32H5xx_HAL_Driver/Src/stm32h5xx_hal_tim.o
 .debug_line    0x0000b8c2     0x22cc ./Drivers/STM32H5xx_HAL_Driver/Src/stm32h5xx_hal_tim_ex.o
 .debug_line    0x0000db8e     0x216d ./Middlewares/Third_Party/FreeRTOS/Source/CMSIS_RTOS_V2/cmsis_os2.o
 .debug_line    0x0000fcfb      0x7b6 ./Middlewares/Third_Party/FreeRTOS/Source/list.o
 .debug_line    0x000104b1     0x15db ./Middlewares/Third_Party/FreeRTOS/Source/queue.o
 .debug_line    0x00011a8c     0x1d3c ./Middlewares/Third_Party/FreeRTOS/Source/tasks.o
 .debug_line    0x000137c8      0xd48 ./Middlewares/Third_Party/FreeRTOS/Source/timers.o
 .debug_line    0x00014510      0x817 ./Middlewares/Third_Party/FreeRTOS/Source/portable/GCC/ARM_CM33_NTZ/non_secure/port.o
 .debug_line    0x00014d27      0x629 ./Middlewares/Third_Party/FreeRTOS/Source/portable/GCC/ARM_CM33_NTZ/non_secure/portasm.o
 .debug_line    0x00015350      0xa16 ./Middlewares/Third_Party/FreeRTOS/Source/portable/MemMang/heap_4.o

.debug_str      0x00000000   0x11fd2e
 .debug_str     0x00000000   0x113c5f ./Core/Src/app_freertos.o
                             0x113f67 (size before relaxing)
 .debug_str     0x00113c5f      0xddd ./Core/Src/main.o
                             0x10f3c9 (size before relaxing)
 .debug_str     0x00114a3c      0x65e ./Core/Src/stm32h5xx_hal_msp.o
                             0x10e919 (size before relaxing)
 .debug_str     0x0011509a      0x11a ./Core/Src/stm32h5xx_hal_timebase_tim.o
                             0x10f2ed (size before relaxing)
 .debug_str     0x001151b4       0xb5 ./Core/Src/stm32h5xx_it.o
                             0x10ea2f (size before relaxing)
 .debug_str     0x00115269      0x1bd ./Core/Src/system_stm32h5xx.o
                             0x10e822 (size before relaxing)
 .debug_str     0x00115426       0x44 ./Core/Startup/startup_stm32h533retx.o
                                 0x7e (size before relaxing)
 .debug_str     0x0011546a      0x90d ./Drivers/STM32H5xx_HAL_Driver/Src/stm32h5xx_hal.o
                             0x10f5d0 (size before relaxing)
 .debug_str     0x00115d77      0x3e6 ./Drivers/STM32H5xx_HAL_Driver/Src/stm32h5xx_hal_cortex.o
                             0x10f18b (size before relaxing)
 .debug_str     0x0011615d      0x2d6 ./Drivers/STM32H5xx_HAL_Driver/Src/stm32h5xx_hal_gpio.o
                             0x10e5f9 (size before relaxing)
 .debug_str     0x00116433      0x349 ./Drivers/STM32H5xx_HAL_Driver/Src/stm32h5xx_hal_rcc.o
                             0x10ed67 (size before relaxing)
 .debug_str     0x0011677c      0xfe4 ./Drivers/STM32H5xx_HAL_Driver/Src/stm32h5xx_hal_tim.o
                             0x10fa43 (size before relaxing)
 .debug_str     0x00117760      0x995 ./Drivers/STM32H5xx_HAL_Driver/Src/stm32h5xx_hal_tim_ex.o
                             0x10f66d (size before relaxing)
 .debug_str     0x001180f5     0x3295 ./Middlewares/Third_Party/FreeRTOS/Source/CMSIS_RTOS_V2/cmsis_os2.o
                             0x117a9a (size before relaxing)
 .debug_str     0x0011b38a      0x258 ./Middlewares/Third_Party/FreeRTOS/Source/list.o
                               0xb6e8 (size before relaxing)
 .debug_str     0x0011b5e2      0xb07 ./Middlewares/Third_Party/FreeRTOS/Source/queue.o
                               0xe17d (size before relaxing)
 .debug_str     0x0011c0e9     0x1143 ./Middlewares/Third_Party/FreeRTOS/Source/tasks.o
                               0xe999 (size before relaxing)
 .debug_str     0x0011d22c      0x603 ./Middlewares/Third_Party/FreeRTOS/Source/timers.o
                               0xe447 (size before relaxing)
 .debug_str     0x0011d82f     0x1e8c ./Middlewares/Third_Party/FreeRTOS/Source/portable/GCC/ARM_CM33_NTZ/non_secure/port.o
                               0xb640 (size before relaxing)
 .debug_str     0x0011f6bb       0xaa ./Middlewares/Third_Party/FreeRTOS/Source/portable/GCC/ARM_CM33_NTZ/non_secure/portasm.o
                               0x83da (size before relaxing)
 .debug_str     0x0011f765      0x5c9 ./Middlewares/Third_Party/FreeRTOS/Source/portable/MemMang/heap_4.o
                               0xcf31 (size before relaxing)

.comment        0x00000000       0x43
 .comment       0x00000000       0x43 ./Core/Src/app_freertos.o
                                 0x44 (size before relaxing)
 .comment       0x00000043       0x44 ./Core/Src/main.o
 .comment       0x00000043       0x44 ./Core/Src/stm32h5xx_hal_msp.o
 .comment       0x00000043       0x44 ./Core/Src/stm32h5xx_hal_timebase_tim.o
 .comment       0x00000043       0x44 ./Core/Src/stm32h5xx_it.o
 .comment       0x00000043       0x44 ./Core/Src/system_stm32h5xx.o
 .comment       0x00000043       0x44 ./Drivers/STM32H5xx_HAL_Driver/Src/stm32h5xx_hal.o
 .comment       0x00000043       0x44 ./Drivers/STM32H5xx_HAL_Driver/Src/stm32h5xx_hal_cortex.o
 .comment       0x00000043       0x44 ./Drivers/STM32H5xx_HAL_Driver/Src/stm32h5xx_hal_gpio.o
 .comment       0x00000043       0x44 ./Drivers/STM32H5xx_HAL_Driver/Src/stm32h5xx_hal_rcc.o
 .comment       0x00000043       0x44 ./Drivers/STM32H5xx_HAL_Driver/Src/stm32h5xx_hal_tim.o
 .comment       0x00000043       0x44 ./Drivers/STM32H5xx_HAL_Driver/Src/stm32h5xx_hal_tim_ex.o
 .comment       0x00000043       0x44 ./Middlewares/Third_Party/FreeRTOS/Source/CMSIS_RTOS_V2/cmsis_os2.o
 .comment       0x00000043       0x44 ./Middlewares/Third_Party/FreeRTOS/Source/list.o
 .comment       0x00000043       0x44 ./Middlewares/Third_Party/FreeRTOS/Source/queue.o
 .comment       0x00000043       0x44 ./Middlewares/Third_Party/FreeRTOS/Source/tasks.o
 .comment       0x00000043       0x44 ./Middlewares/Third_Party/FreeRTOS/Source/timers.o
 .comment       0x00000043       0x44 ./Middlewares/Third_Party/FreeRTOS/Source/portable/GCC/ARM_CM33_NTZ/non_secure/port.o
 .comment       0x00000043       0x44 ./Middlewares/Third_Party/FreeRTOS/Source/portable/GCC/ARM_CM33_NTZ/non_secure/portasm.o
 .comment       0x00000043       0x44 ./Middlewares/Third_Party/FreeRTOS/Source/portable/MemMang/heap_4.o

.debug_frame    0x00000000     0x55a8
 .debug_frame   0x00000000       0x4c ./Core/Src/app_freertos.o
 .debug_frame   0x0000004c       0xb0 ./Core/Src/main.o
 .debug_frame   0x000000fc       0x2c ./Core/Src/stm32h5xx_hal_msp.o
 .debug_frame   0x00000128       0x74 ./Core/Src/stm32h5xx_hal_timebase_tim.o
 .debug_frame   0x0000019c       0xc4 ./Core/Src/stm32h5xx_it.o
 .debug_frame   0x00000260       0x60 ./Core/Src/system_stm32h5xx.o
 .debug_frame   0x000002c0      0x800 ./Drivers/STM32H5xx_HAL_Driver/Src/stm32h5xx_hal.o
 .debug_frame   0x00000ac0      0x560 ./Drivers/STM32H5xx_HAL_Driver/Src/stm32h5xx_hal_cortex.o
 .debug_frame   0x00001020      0x1ec ./Drivers/STM32H5xx_HAL_Driver/Src/stm32h5xx_hal_gpio.o
 .debug_frame   0x0000120c      0x268 ./Drivers/STM32H5xx_HAL_Driver/Src/stm32h5xx_hal_rcc.o
 .debug_frame   0x00001474     0x1258 ./Drivers/STM32H5xx_HAL_Driver/Src/stm32h5xx_hal_tim.o
 .debug_frame   0x000026cc      0xa70 ./Drivers/STM32H5xx_HAL_Driver/Src/stm32h5xx_hal_tim_ex.o
 .debug_frame   0x0000313c      0xc00 ./Middlewares/Third_Party/FreeRTOS/Source/CMSIS_RTOS_V2/cmsis_os2.o
 .debug_frame   0x00003d3c       0xd8 ./Middlewares/Third_Party/FreeRTOS/Source/list.o
 .debug_frame   0x00003e14      0x644 ./Middlewares/Third_Party/FreeRTOS/Source/queue.o
 .debug_frame   0x00004458      0x8fc ./Middlewares/Third_Party/FreeRTOS/Source/tasks.o
 .debug_frame   0x00004d54      0x448 ./Middlewares/Third_Party/FreeRTOS/Source/timers.o
 .debug_frame   0x0000519c      0x1a8 ./Middlewares/Third_Party/FreeRTOS/Source/portable/GCC/ARM_CM33_NTZ/non_secure/port.o
 .debug_frame   0x00005344       0xa0 ./Middlewares/Third_Party/FreeRTOS/Source/portable/GCC/ARM_CM33_NTZ/non_secure/portasm.o
 .debug_frame   0x000053e4      0x150 ./Middlewares/Third_Party/FreeRTOS/Source/portable/MemMang/heap_4.o
 .debug_frame   0x00005534       0x20 C:/ST/STM32CubeIDE_1.17.0/STM32CubeIDE/plugins/com.st.stm32cube.ide.mcu.externaltools.gnu-tools-for-stm32.12.3.rel1.win32_1.1.0.202410251130/tools/bin/../lib/gcc/arm-none-eabi/12.3.1/../../../../arm-none-eabi/lib/thumb/v8-m.main+fp/hard\libc_nano.a(libc_a-memset.o)
 .debug_frame   0x00005554       0x2c C:/ST/STM32CubeIDE_1.17.0/STM32CubeIDE/plugins/com.st.stm32cube.ide.mcu.externaltools.gnu-tools-for-stm32.12.3.rel1.win32_1.1.0.202410251130/tools/bin/../lib/gcc/arm-none-eabi/12.3.1/../../../../arm-none-eabi/lib/thumb/v8-m.main+fp/hard\libc_nano.a(libc_a-init.o)
 .debug_frame   0x00005580       0x28 C:/ST/STM32CubeIDE_1.17.0/STM32CubeIDE/plugins/com.st.stm32cube.ide.mcu.externaltools.gnu-tools-for-stm32.12.3.rel1.win32_1.1.0.202410251130/tools/bin/../lib/gcc/arm-none-eabi/12.3.1/../../../../arm-none-eabi/lib/thumb/v8-m.main+fp/hard\libc_nano.a(libc_a-memcpy-stub.o)

.debug_line_str
                0x00000000       0x62
 .debug_line_str
                0x00000000       0x62 ./Core/Startup/startup_stm32h533retx.o
